../Core/Src/main.c:89:5:main	8	static
../Core/Src/main.c:136:6:SystemClock_Config	72	static
../Core/Src/main.c:173:13:MX_TIM2_Init	32	static
../Core/Src/main.c:218:13:MX_GPIO_Init	32	static
../Core/Src/main.c:238:6:Turn_On_Red	8	static
../Core/Src/main.c:243:6:Turn_Off_Red	8	static
../Core/Src/main.c:248:6:Turn_On_Yellow	8	static
../Core/Src/main.c:253:6:Turn_Off_Yellow	8	static
../Core/Src/main.c:258:6:Turn_On_Green	8	static
../Core/Src/main.c:263:6:Turn_Off_Green	8	static
../Core/Src/main.c:268:6:LED_Setup	24	static
../Core/Src/main.c:278:6:LED_Alternating	8	static
../Core/Src/main.c:332:6:HAL_TIM_PeriodElapsedCallback	16	static
../Core/Src/main.c:341:6:Error_Handler	4	static,ignoring_inline_asm
