../Core/Src/scheduler.c:18:15:Task_Init	24	static
../Core/Src/scheduler.c:29:17:TaskPQ_Init	16	static
../Core/Src/scheduler.c:38:6:Copy	16	static
../Core/Src/scheduler.c:46:13:swap	32	static
../Core/Src/scheduler.c:52:9:Is_Leaf	16	static
../Core/Src/scheduler.c:57:17:Left_Child	16	static
../Core/Src/scheduler.c:60:17:Right_Child	16	static
../Core/Src/scheduler.c:63:17:Parent	16	static
../Core/Src/scheduler.c:66:13:Heap_Down	24	static
../Core/Src/scheduler.c:79:13:Heap_Up	24	static
../Core/Src/scheduler.c:86:6:Build_PQueue	32	static
../Core/Src/scheduler.c:95:9:Is_Empty	16	static
../Core/Src/scheduler.c:100:10:SCH_Add_Task	32	static
../Core/Src/scheduler.c:116:9:SCH_Delete_Task	24	static
../Core/Src/scheduler.c:134:6:SCH_Update	24	static
../Core/Src/scheduler.c:150:6:SCH_Dispatch_Tasks	24	static
../Core/Src/scheduler.c:195:6:Turn_On_Red	8	static
../Core/Src/scheduler.c:201:6:Turn_On_Yellow	8	static
../Core/Src/scheduler.c:207:6:Turn_On_Green	8	static
../Core/Src/scheduler.c:213:6:Parameter_Init	4	static
../Core/Src/scheduler.c:219:6:MultiLed_Init	8	static
../Core/Src/scheduler.c:225:6:Toggle_Led	8	static
