../Core/Src/component.c:17:16:STIM_Init	24	static
../Core/Src/component.c:26:6:STIM_Set_Default	16	static
../Core/Src/component.c:30:6:STIM_Set_Manual	16	static
../Core/Src/component.c:35:6:STIM_Timer_Run	16	static
../Core/Src/component.c:51:15:Led_Init	24	static
../Core/Src/component.c:63:6:Led_Display	16	static
../Core/Src/component.c:66:6:Led_Toggle	16	static
../Core/Src/component.c:69:6:Led_On	16	static
../Core/Src/component.c:73:6:Led_Off	16	static
../Core/Src/component.c:85:17:Clock_Init	24	static
../Core/Src/component.c:98:6:Time_Modify	16	static
../Core/Src/component.c:105:6:Clock_Counter_Up	16	static
../Core/Src/component.c:121:6:Clock_Counter_Down	16	static
../Core/Src/component.c:139:6:Update_Clock_Buffer	16	static
../Core/Src/component.c:155:17:ENPin_Init	24	static
../Core/Src/component.c:165:6:ENPin_On	16	static
../Core/Src/component.c:169:6:ENPin_Off	16	static
../Core/Src/component.c:183:20:SevenSeg_Init	32	static
../Core/Src/component.c:196:6:Seg_Display	24	static
../Core/Src/component.c:202:6:Number_Conversion	24	static
../Core/Src/component.c:214:17:Button_Init	32	static
../Core/Src/component.c:226:15:Noise_Cancelling	24	static
../Core/Src/component.c:238:6:Button_Read	16	static
../Core/Src/component.c:266:18:Traffic_Init	32	static
../Core/Src/component.c:282:6:Traffic_FSM	32	static
../Core/Src/component.c:328:6:All_Off	16	static
../Core/Src/component.c:333:6:Only_Red	16	static
../Core/Src/component.c:338:6:Only_Yellow	16	static
../Core/Src/component.c:343:6:Only_Green	16	static
