Archive member included to satisfy reference by file (symbol)

d:/st/stm32cubeide_1.7.0/stm32cubeide/plugins/com.st.stm32cube.ide.mcu.externaltools.gnu-tools-for-stm32.10.3-2021.10.win32_1.0.100.202210260954/tools/bin/../lib/gcc/arm-none-eabi/10.3.1/../../../../arm-none-eabi/lib/thumb/v7-m/nofp\libc_nano.a(lib_a-errno.o)
                              ./Core/Src/syscalls.o (__errno)
d:/st/stm32cubeide_1.7.0/stm32cubeide/plugins/com.st.stm32cube.ide.mcu.externaltools.gnu-tools-for-stm32.10.3-2021.10.win32_1.0.100.202210260954/tools/bin/../lib/gcc/arm-none-eabi/10.3.1/../../../../arm-none-eabi/lib/thumb/v7-m/nofp\libc_nano.a(lib_a-exit.o)
                              d:/st/stm32cubeide_1.7.0/stm32cubeide/plugins/com.st.stm32cube.ide.mcu.externaltools.gnu-tools-for-stm32.10.3-2021.10.win32_1.0.100.202210260954/tools/bin/../lib/gcc/arm-none-eabi/10.3.1/../../../../arm-none-eabi/lib/thumb/v7-m/nofp/crt0.o (exit)
d:/st/stm32cubeide_1.7.0/stm32cubeide/plugins/com.st.stm32cube.ide.mcu.externaltools.gnu-tools-for-stm32.10.3-2021.10.win32_1.0.100.202210260954/tools/bin/../lib/gcc/arm-none-eabi/10.3.1/../../../../arm-none-eabi/lib/thumb/v7-m/nofp\libc_nano.a(lib_a-impure.o)
                              d:/st/stm32cubeide_1.7.0/stm32cubeide/plugins/com.st.stm32cube.ide.mcu.externaltools.gnu-tools-for-stm32.10.3-2021.10.win32_1.0.100.202210260954/tools/bin/../lib/gcc/arm-none-eabi/10.3.1/../../../../arm-none-eabi/lib/thumb/v7-m/nofp\libc_nano.a(lib_a-exit.o) (_global_impure_ptr)
d:/st/stm32cubeide_1.7.0/stm32cubeide/plugins/com.st.stm32cube.ide.mcu.externaltools.gnu-tools-for-stm32.10.3-2021.10.win32_1.0.100.202210260954/tools/bin/../lib/gcc/arm-none-eabi/10.3.1/../../../../arm-none-eabi/lib/thumb/v7-m/nofp\libc_nano.a(lib_a-init.o)
                              d:/st/stm32cubeide_1.7.0/stm32cubeide/plugins/com.st.stm32cube.ide.mcu.externaltools.gnu-tools-for-stm32.10.3-2021.10.win32_1.0.100.202210260954/tools/bin/../lib/gcc/arm-none-eabi/10.3.1/../../../../arm-none-eabi/lib/thumb/v7-m/nofp/crt0.o (__libc_init_array)
d:/st/stm32cubeide_1.7.0/stm32cubeide/plugins/com.st.stm32cube.ide.mcu.externaltools.gnu-tools-for-stm32.10.3-2021.10.win32_1.0.100.202210260954/tools/bin/../lib/gcc/arm-none-eabi/10.3.1/../../../../arm-none-eabi/lib/thumb/v7-m/nofp\libc_nano.a(lib_a-memset.o)
                              d:/st/stm32cubeide_1.7.0/stm32cubeide/plugins/com.st.stm32cube.ide.mcu.externaltools.gnu-tools-for-stm32.10.3-2021.10.win32_1.0.100.202210260954/tools/bin/../lib/gcc/arm-none-eabi/10.3.1/../../../../arm-none-eabi/lib/thumb/v7-m/nofp/crt0.o (memset)

Discarded input sections

 .text          0x0000000000000000        0x0 d:/st/stm32cubeide_1.7.0/stm32cubeide/plugins/com.st.stm32cube.ide.mcu.externaltools.gnu-tools-for-stm32.10.3-2021.10.win32_1.0.100.202210260954/tools/bin/../lib/gcc/arm-none-eabi/10.3.1/thumb/v7-m/nofp/crti.o
 .data          0x0000000000000000        0x0 d:/st/stm32cubeide_1.7.0/stm32cubeide/plugins/com.st.stm32cube.ide.mcu.externaltools.gnu-tools-for-stm32.10.3-2021.10.win32_1.0.100.202210260954/tools/bin/../lib/gcc/arm-none-eabi/10.3.1/thumb/v7-m/nofp/crti.o
 .bss           0x0000000000000000        0x0 d:/st/stm32cubeide_1.7.0/stm32cubeide/plugins/com.st.stm32cube.ide.mcu.externaltools.gnu-tools-for-stm32.10.3-2021.10.win32_1.0.100.202210260954/tools/bin/../lib/gcc/arm-none-eabi/10.3.1/thumb/v7-m/nofp/crti.o
 .data          0x0000000000000000        0x4 d:/st/stm32cubeide_1.7.0/stm32cubeide/plugins/com.st.stm32cube.ide.mcu.externaltools.gnu-tools-for-stm32.10.3-2021.10.win32_1.0.100.202210260954/tools/bin/../lib/gcc/arm-none-eabi/10.3.1/thumb/v7-m/nofp/crtbegin.o
 .rodata        0x0000000000000000       0x24 d:/st/stm32cubeide_1.7.0/stm32cubeide/plugins/com.st.stm32cube.ide.mcu.externaltools.gnu-tools-for-stm32.10.3-2021.10.win32_1.0.100.202210260954/tools/bin/../lib/gcc/arm-none-eabi/10.3.1/thumb/v7-m/nofp/crtbegin.o
 .text          0x0000000000000000       0x7c d:/st/stm32cubeide_1.7.0/stm32cubeide/plugins/com.st.stm32cube.ide.mcu.externaltools.gnu-tools-for-stm32.10.3-2021.10.win32_1.0.100.202210260954/tools/bin/../lib/gcc/arm-none-eabi/10.3.1/../../../../arm-none-eabi/lib/thumb/v7-m/nofp/crt0.o
 .data          0x0000000000000000        0x0 d:/st/stm32cubeide_1.7.0/stm32cubeide/plugins/com.st.stm32cube.ide.mcu.externaltools.gnu-tools-for-stm32.10.3-2021.10.win32_1.0.100.202210260954/tools/bin/../lib/gcc/arm-none-eabi/10.3.1/../../../../arm-none-eabi/lib/thumb/v7-m/nofp/crt0.o
 .bss           0x0000000000000000        0x0 d:/st/stm32cubeide_1.7.0/stm32cubeide/plugins/com.st.stm32cube.ide.mcu.externaltools.gnu-tools-for-stm32.10.3-2021.10.win32_1.0.100.202210260954/tools/bin/../lib/gcc/arm-none-eabi/10.3.1/../../../../arm-none-eabi/lib/thumb/v7-m/nofp/crt0.o
[...]
Memory Configuration

Name             Origin             Length             Attributes
RAM              0x0000000020000000 0x0000000000002800 xrw
FLASH            0x0000000008000000 0x0000000000008000 xr
*default*        0x0000000000000000 0xffffffffffffffff

Linker script and memory map

LOAD d:/st/stm32cubeide_1.7.0/stm32cubeide/plugins/com.st.stm32cube.ide.mcu.externaltools.gnu-tools-for-stm32.10.3-2021.10.win32_1.0.100.202210260954/tools/bin/../lib/gcc/arm-none-eabi/10.3.1/thumb/v7-m/nofp/crti.o
LOAD d:/st/stm32cubeide_1.7.0/stm32cubeide/plugins/com.st.stm32cube.ide.mcu.externaltools.gnu-tools-for-stm32.10.3-2021.10.win32_1.0.100.202210260954/tools/bin/../lib/gcc/arm-none-eabi/10.3.1/thumb/v7-m/nofp/crtbegin.o
LOAD d:/st/stm32cubeide_1.7.0/stm32cubeide/plugins/com.st.stm32cube.ide.mcu.externaltools.gnu-tools-for-stm32.10.3-2021.10.win32_1.0.100.202210260954/tools/bin/../lib/gcc/arm-none-eabi/10.3.1/../../../../arm-none-eabi/lib/thumb/v7-m/nofp/crt0.o
LOAD ./Core/Src/gpio.o
LOAD ./Core/Src/main.o
LOAD ./Core/Src/scheduler.o
LOAD ./Core/Src/stm32f1xx_hal_msp.o
LOAD ./Core/Src/stm32f1xx_it.o
LOAD ./Core/Src/syscalls.o
LOAD ./Core/Src/sysmem.o
LOAD ./Core/Src/system_stm32f1xx.o
LOAD ./Core/Src/tim.o
LOAD ./Core/Startup/startup_stm32f103c6ux.o
LOAD ./Drivers/STM32F1xx_HAL_Driver/Src/stm32f1xx_hal.o
LOAD ./Drivers/STM32F1xx_HAL_Driver/Src/stm32f1xx_hal_cortex.o
LOAD ./Drivers/STM32F1xx_HAL_Driver/Src/stm32f1xx_hal_dma.o
LOAD ./Drivers/STM32F1xx_HAL_Driver/Src/stm32f1xx_hal_exti.o
LOAD ./Drivers/STM32F1xx_HAL_Driver/Src/stm32f1xx_hal_flash.o
LOAD ./Drivers/STM32F1xx_HAL_Driver/Src/stm32f1xx_hal_flash_ex.o
LOAD ./Drivers/STM32F1xx_HAL_Driver/Src/stm32f1xx_hal_gpio.o
LOAD ./Drivers/STM32F1xx_HAL_Driver/Src/stm32f1xx_hal_gpio_ex.o
LOAD ./Drivers/STM32F1xx_HAL_Driver/Src/stm32f1xx_hal_pwr.o
LOAD ./Drivers/STM32F1xx_HAL_Driver/Src/stm32f1xx_hal_rcc.o
LOAD ./Drivers/STM32F1xx_HAL_Driver/Src/stm32f1xx_hal_rcc_ex.o
LOAD ./Drivers/STM32F1xx_HAL_Driver/Src/stm32f1xx_hal_tim.o
LOAD ./Drivers/STM32F1xx_HAL_Driver/Src/stm32f1xx_hal_tim_ex.o
START GROUP
LOAD d:/st/stm32cubeide_1.7.0/stm32cubeide/plugins/com.st.stm32cube.ide.mcu.externaltools.gnu-tools-for-stm32.10.3-2021.10.win32_1.0.100.202210260954/tools/bin/../lib/gcc/arm-none-eabi/10.3.1/../../../../arm-none-eabi/lib/thumb/v7-m/nofp\libc_nano.a
LOAD d:/st/stm32cubeide_1.7.0/stm32cubeide/plugins/com.st.stm32cube.ide.mcu.externaltools.gnu-tools-for-stm32.10.3-2021.10.win32_1.0.100.202210260954/tools/bin/../lib/gcc/arm-none-eabi/10.3.1/../../../../arm-none-eabi/lib/thumb/v7-m/nofp\libm.a
END GROUP
START GROUP
LOAD d:/st/stm32cubeide_1.7.0/stm32cubeide/plugins/com.st.stm32cube.ide.mcu.externaltools.gnu-tools-for-stm32.10.3-2021.10.win32_1.0.100.202210260954/tools/bin/../lib/gcc/arm-none-eabi/10.3.1/thumb/v7-m/nofp\libgcc.a
LOAD d:/st/stm32cubeide_1.7.0/stm32cubeide/plugins/com.st.stm32cube.ide.mcu.externaltools.gnu-tools-for-stm32.10.3-2021.10.win32_1.0.100.202210260954/tools/bin/../lib/gcc/arm-none-eabi/10.3.1/../../../../arm-none-eabi/lib/thumb/v7-m/nofp\libc_nano.a
END GROUP
START GROUP
LOAD d:/st/stm32cubeide_1.7.0/stm32cubeide/plugins/com.st.stm32cube.ide.mcu.externaltools.gnu-tools-for-stm32.10.3-2021.10.win32_1.0.100.202210260954/tools/bin/../lib/gcc/arm-none-eabi/10.3.1/thumb/v7-m/nofp\libgcc.a
LOAD d:/st/stm32cubeide_1.7.0/stm32cubeide/plugins/com.st.stm32cube.ide.mcu.externaltools.gnu-tools-for-stm32.10.3-2021.10.win32_1.0.100.202210260954/tools/bin/../lib/gcc/arm-none-eabi/10.3.1/../../../../arm-none-eabi/lib/thumb/v7-m/nofp\libc_nano.a
LOAD d:/st/stm32cubeide_1.7.0/stm32cubeide/plugins/com.st.stm32cube.ide.mcu.externaltools.gnu-tools-for-stm32.10.3-2021.10.win32_1.0.100.202210260954/tools/bin/../lib/gcc/arm-none-eabi/10.3.1/../../../../arm-none-eabi/lib/thumb/v7-m/nofp\libnosys.a
END GROUP
START GROUP
LOAD d:/st/stm32cubeide_1.7.0/stm32cubeide/plugins/com.st.stm32cube.ide.mcu.externaltools.gnu-tools-for-stm32.10.3-2021.10.win32_1.0.100.202210260954/tools/bin/../lib/gcc/arm-none-eabi/10.3.1/thumb/v7-m/nofp\libgcc.a
LOAD d:/st/stm32cubeide_1.7.0/stm32cubeide/plugins/com.st.stm32cube.ide.mcu.externaltools.gnu-tools-for-stm32.10.3-2021.10.win32_1.0.100.202210260954/tools/bin/../lib/gcc/arm-none-eabi/10.3.1/../../../../arm-none-eabi/lib/thumb/v7-m/nofp\libc_nano.a
LOAD d:/st/stm32cubeide_1.7.0/stm32cubeide/plugins/com.st.stm32cube.ide.mcu.externaltools.gnu-tools-for-stm32.10.3-2021.10.win32_1.0.100.202210260954/tools/bin/../lib/gcc/arm-none-eabi/10.3.1/../../../../arm-none-eabi/lib/thumb/v7-m/nofp\libnosys.a
END GROUP
LOAD d:/st/stm32cubeide_1.7.0/stm32cubeide/plugins/com.st.stm32cube.ide.mcu.externaltools.gnu-tools-for-stm32.10.3-2021.10.win32_1.0.100.202210260954/tools/bin/../lib/gcc/arm-none-eabi/10.3.1/thumb/v7-m/nofp/crtend.o
LOAD d:/st/stm32cubeide_1.7.0/stm32cubeide/plugins/com.st.stm32cube.ide.mcu.externaltools.gnu-tools-for-stm32.10.3-2021.10.win32_1.0.100.202210260954/tools/bin/../lib/gcc/arm-none-eabi/10.3.1/thumb/v7-m/nofp/crtn.o
                0x0000000020002800                _estack = (ORIGIN (RAM) + LENGTH (RAM))
                0x0000000000000200                _Min_Heap_Size = 0x200
                0x0000000000000400                _Min_Stack_Size = 0x400

.isr_vector     0x0000000008000000      0x10c
                0x0000000008000000                . = ALIGN (0x4)
 *(.isr_vector)
 .isr_vector    0x0000000008000000      0x10c ./Core/Startup/startup_stm32f103c6ux.o
                0x0000000008000000                g_pfnVectors
                0x000000000800010c                . = ALIGN (0x4)

.text           0x000000000800010c     0x1db4
                0x000000000800010c                . = ALIGN (0x4)
 *(.text)
 .text          0x000000000800010c       0x40 d:/st/stm32cubeide_1.7.0/stm32cubeide/plugins/com.st.stm32cube.ide.mcu.externaltools.gnu-tools-for-stm32.10.3-2021.10.win32_1.0.100.202210260954/tools/bin/../lib/gcc/arm-none-eabi/10.3.1/thumb/v7-m/nofp/crtbegin.o
 *(.text*)
 .text.MX_GPIO_Init
                0x000000000800014c       0x64 ./Core/Src/gpio.o
                0x000000000800014c                MX_GPIO_Init
 .text.testLedPin3
                0x00000000080001b0       0x14 ./Core/Src/main.o
                0x00000000080001b0                testLedPin3
 .text.testLedPin4
                0x00000000080001c4       0x14 ./Core/Src/main.o
                0x00000000080001c4                testLedPin4
 .text.testLedPin5
                0x00000000080001d8       0x14 ./Core/Src/main.o
                0x00000000080001d8                testLedPin5
 .text.testLedPin6
                0x00000000080001ec       0x14 ./Core/Src/main.o
                0x00000000080001ec                testLedPin6
 .text.main     0x0000000008000200       0x5c ./Core/Src/main.o
                0x0000000008000200                main
 .text.SystemClock_Config
                0x000000000800025c       0x76 ./Core/Src/main.o
                0x000000000800025c                SystemClock_Config
 .text.HAL_TIM_PeriodElapsedCallback
                0x00000000080002d2       0x14 ./Core/Src/main.o
                0x00000000080002d2                HAL_TIM_PeriodElapsedCallback
 .text.Error_Handler
                0x00000000080002e6        0xa ./Core/Src/main.o
                0x00000000080002e6                Error_Handler
 .text.SCH_Update
                0x00000000080002f0       0x94 ./Core/Src/scheduler.o
                0x00000000080002f0                SCH_Update
 .text.SCH_Add_Task
                0x0000000008000384      0x148 ./Core/Src/scheduler.o
                0x0000000008000384                SCH_Add_Task
 .text.SCH_Delete_Task
                0x00000000080004cc       0xcc ./Core/Src/scheduler.o
                0x00000000080004cc                SCH_Delete_Task
 .text.SCH_Dispatch_Tasks
                0x0000000008000598       0xbc ./Core/Src/scheduler.o
                0x0000000008000598                SCH_Dispatch_Tasks
 .text.SCH_Go_To_Sleep
                0x0000000008000654       0x10 ./Core/Src/scheduler.o
                0x0000000008000654                SCH_Go_To_Sleep
 .text.HAL_MspInit
                0x0000000008000664       0x44 ./Core/Src/stm32f1xx_hal_msp.o
                0x0000000008000664                HAL_MspInit
 .text.NMI_Handler
                0x00000000080006a8        0x6 ./Core/Src/stm32f1xx_it.o
                0x00000000080006a8                NMI_Handler
 .text.HardFault_Handler
                0x00000000080006ae        0x6 ./Core/Src/stm32f1xx_it.o
                0x00000000080006ae                HardFault_Handler
 .text.MemManage_Handler
                0x00000000080006b4        0x6 ./Core/Src/stm32f1xx_it.o
                0x00000000080006b4                MemManage_Handler
 .text.BusFault_Handler
                0x00000000080006ba        0x6 ./Core/Src/stm32f1xx_it.o
                0x00000000080006ba                BusFault_Handler
 .text.UsageFault_Handler
                0x00000000080006c0        0x6 ./Core/Src/stm32f1xx_it.o
                0x00000000080006c0                UsageFault_Handler
 .text.SVC_Handler
                0x00000000080006c6        0xc ./Core/Src/stm32f1xx_it.o
                0x00000000080006c6                SVC_Handler
 .text.DebugMon_Handler
                0x00000000080006d2        0xc ./Core/Src/stm32f1xx_it.o
                0x00000000080006d2                DebugMon_Handler
 .text.PendSV_Handler
                0x00000000080006de        0xc ./Core/Src/stm32f1xx_it.o
                0x00000000080006de                PendSV_Handler
 .text.SysTick_Handler
                0x00000000080006ea        0xc ./Core/Src/stm32f1xx_it.o
                0x00000000080006ea                SysTick_Handler
 *fill*         0x00000000080006f6        0x2 
 .text.TIM2_IRQHandler
                0x00000000080006f8       0x14 ./Core/Src/stm32f1xx_it.o
                0x00000000080006f8                TIM2_IRQHandler
 .text.SystemInit
                0x000000000800070c        0xc ./Core/Src/system_stm32f1xx.o
                0x000000000800070c                SystemInit
 .text.MX_TIM2_Init
                0x0000000008000718       0x98 ./Core/Src/tim.o
                0x0000000008000718                MX_TIM2_Init
 .text.HAL_TIM_Base_MspInit
                0x00000000080007b0       0x48 ./Core/Src/tim.o
                0x00000000080007b0                HAL_TIM_Base_MspInit
 .text.Reset_Handler
                0x00000000080007f8       0x48 ./Core/Startup/startup_stm32f103c6ux.o
                0x00000000080007f8                Reset_Handler
 .text.Default_Handler
                0x0000000008000840        0x2 ./Core/Startup/startup_stm32f103c6ux.o
                0x0000000008000840                RTC_Alarm_IRQHandler
                0x0000000008000840                EXTI2_IRQHandler
                0x0000000008000840                TIM1_CC_IRQHandler
                0x0000000008000840                PVD_IRQHandler
                0x0000000008000840                EXTI3_IRQHandler
                0x0000000008000840                EXTI0_IRQHandler
                0x0000000008000840                ADC1_2_IRQHandler
                0x0000000008000840                SPI1_IRQHandler
                0x0000000008000840                TAMPER_IRQHandler
                0x0000000008000840                DMA1_Channel4_IRQHandler
                0x0000000008000840                RTC_IRQHandler
                0x0000000008000840                DMA1_Channel7_IRQHandler
                0x0000000008000840                CAN1_RX1_IRQHandler
                0x0000000008000840                I2C1_EV_IRQHandler
                0x0000000008000840                DMA1_Channel6_IRQHandler
                0x0000000008000840                TIM3_IRQHandler
                0x0000000008000840                RCC_IRQHandler
                0x0000000008000840                TIM1_TRG_COM_IRQHandler
                0x0000000008000840                DMA1_Channel1_IRQHandler
                0x0000000008000840                Default_Handler
                0x0000000008000840                EXTI15_10_IRQHandler
                0x0000000008000840                EXTI9_5_IRQHandler
                0x0000000008000840                DMA1_Channel5_IRQHandler
                0x0000000008000840                EXTI4_IRQHandler
                0x0000000008000840                USB_LP_CAN1_RX0_IRQHandler
                0x0000000008000840                USB_HP_CAN1_TX_IRQHandler
                0x0000000008000840                DMA1_Channel3_IRQHandler
                0x0000000008000840                TIM1_UP_IRQHandler
                0x0000000008000840                WWDG_IRQHandler
                0x0000000008000840                TIM1_BRK_IRQHandler
                0x0000000008000840                EXTI1_IRQHandler
                0x0000000008000840                USART2_IRQHandler
                0x0000000008000840                DMA1_Channel2_IRQHandler
                0x0000000008000840                CAN1_SCE_IRQHandler
                0x0000000008000840                FLASH_IRQHandler
                0x0000000008000840                USART1_IRQHandler
                0x0000000008000840                I2C1_ER_IRQHandler
                0x0000000008000840                USBWakeUp_IRQHandler
 *fill*         0x0000000008000842        0x2 
 .text.HAL_Init
                0x0000000008000844       0x2c ./Drivers/STM32F1xx_HAL_Driver/Src/stm32f1xx_hal.o
                0x0000000008000844                HAL_Init
 .text.HAL_InitTick
                0x0000000008000870       0x60 ./Drivers/STM32F1xx_HAL_Driver/Src/stm32f1xx_hal.o
                0x0000000008000870                HAL_InitTick
 .text.HAL_IncTick
                0x00000000080008d0       0x24 ./Drivers/STM32F1xx_HAL_Driver/Src/stm32f1xx_hal.o
                0x00000000080008d0                HAL_IncTick
 .text.HAL_GetTick
                0x00000000080008f4       0x14 ./Drivers/STM32F1xx_HAL_Driver/Src/stm32f1xx_hal.o
                0x00000000080008f4                HAL_GetTick
 .text.__NVIC_SetPriorityGrouping
                0x0000000008000908       0x48 ./Drivers/STM32F1xx_HAL_Driver/Src/stm32f1xx_hal_cortex.o
 .text.__NVIC_GetPriorityGrouping
                0x0000000008000950       0x1c ./Drivers/STM32F1xx_HAL_Driver/Src/stm32f1xx_hal_cortex.o
 .text.__NVIC_EnableIRQ
                0x000000000800096c       0x38 ./Drivers/STM32F1xx_HAL_Driver/Src/stm32f1xx_hal_cortex.o
 .text.__NVIC_SetPriority
                0x00000000080009a4       0x54 ./Drivers/STM32F1xx_HAL_Driver/Src/stm32f1xx_hal_cortex.o
 .text.NVIC_EncodePriority
                0x00000000080009f8       0x64 ./Drivers/STM32F1xx_HAL_Driver/Src/stm32f1xx_hal_cortex.o
 .text.SysTick_Config
                0x0000000008000a5c       0x44 ./Drivers/STM32F1xx_HAL_Driver/Src/stm32f1xx_hal_cortex.o
 .text.HAL_NVIC_SetPriorityGrouping
                0x0000000008000aa0       0x16 ./Drivers/STM32F1xx_HAL_Driver/Src/stm32f1xx_hal_cortex.o
                0x0000000008000aa0                HAL_NVIC_SetPriorityGrouping
 .text.HAL_NVIC_SetPriority
                0x0000000008000ab6       0x38 ./Drivers/STM32F1xx_HAL_Driver/Src/stm32f1xx_hal_cortex.o
                0x0000000008000ab6                HAL_NVIC_SetPriority
 .text.HAL_NVIC_EnableIRQ
                0x0000000008000aee       0x1c ./Drivers/STM32F1xx_HAL_Driver/Src/stm32f1xx_hal_cortex.o
                0x0000000008000aee                HAL_NVIC_EnableIRQ
 .text.HAL_SYSTICK_Config
                0x0000000008000b0a       0x18 ./Drivers/STM32F1xx_HAL_Driver/Src/stm32f1xx_hal_cortex.o
                0x0000000008000b0a                HAL_SYSTICK_Config
 *fill*         0x0000000008000b22        0x2 
 .text.HAL_GPIO_Init
                0x0000000008000b24      0x2f8 ./Drivers/STM32F1xx_HAL_Driver/Src/stm32f1xx_hal_gpio.o
                0x0000000008000b24                HAL_GPIO_Init
 .text.HAL_GPIO_WritePin
                0x0000000008000e1c       0x30 ./Drivers/STM32F1xx_HAL_Driver/Src/stm32f1xx_hal_gpio.o
                0x0000000008000e1c                HAL_GPIO_WritePin
 .text.HAL_GPIO_TogglePin
                0x0000000008000e4c       0x32 ./Drivers/STM32F1xx_HAL_Driver/Src/stm32f1xx_hal_gpio.o
                0x0000000008000e4c                HAL_GPIO_TogglePin
 *fill*         0x0000000008000e7e        0x2 
 .text.HAL_PWR_EnterSLEEPMode
                0x0000000008000e80       0x38 ./Drivers/STM32F1xx_HAL_Driver/Src/stm32f1xx_hal_pwr.o
                0x0000000008000e80                HAL_PWR_EnterSLEEPMode
 .text.HAL_RCC_OscConfig
                0x0000000008000eb8      0x504 ./Drivers/STM32F1xx_HAL_Driver/Src/stm32f1xx_hal_rcc.o
                0x0000000008000eb8                HAL_RCC_OscConfig
 .text.HAL_RCC_ClockConfig
                0x00000000080013bc      0x1d4 ./Drivers/STM32F1xx_HAL_Driver/Src/stm32f1xx_hal_rcc.o
                0x00000000080013bc                HAL_RCC_ClockConfig
 .text.HAL_RCC_GetSysClockFreq
                0x0000000008001590       0xbc ./Drivers/STM32F1xx_HAL_Driver/Src/stm32f1xx_hal_rcc.o
                0x0000000008001590                HAL_RCC_GetSysClockFreq
 .text.RCC_Delay
                0x000000000800164c       0x3c ./Drivers/STM32F1xx_HAL_Driver/Src/stm32f1xx_hal_rcc.o
 .text.HAL_TIM_Base_Init
                0x0000000008001688       0x9e ./Drivers/STM32F1xx_HAL_Driver/Src/stm32f1xx_hal_tim.o
                0x0000000008001688                HAL_TIM_Base_Init
 *fill*         0x0000000008001726        0x2 
 .text.HAL_TIM_Base_Start_IT
                0x0000000008001728       0x98 ./Drivers/STM32F1xx_HAL_Driver/Src/stm32f1xx_hal_tim.o
                0x0000000008001728                HAL_TIM_Base_Start_IT
 .text.HAL_TIM_IRQHandler
                0x00000000080017c0      0x210 ./Drivers/STM32F1xx_HAL_Driver/Src/stm32f1xx_hal_tim.o
                0x00000000080017c0                HAL_TIM_IRQHandler
 .text.HAL_TIM_ConfigClockSource
                0x00000000080019d0      0x188 ./Drivers/STM32F1xx_HAL_Driver/Src/stm32f1xx_hal_tim.o
                0x00000000080019d0                HAL_TIM_ConfigClockSource
 .text.HAL_TIM_OC_DelayElapsedCallback
                0x0000000008001b58       0x12 ./Drivers/STM32F1xx_HAL_Driver/Src/stm32f1xx_hal_tim.o
                0x0000000008001b58                HAL_TIM_OC_DelayElapsedCallback
 .text.HAL_TIM_IC_CaptureCallback
                0x0000000008001b6a       0x12 ./Drivers/STM32F1xx_HAL_Driver/Src/stm32f1xx_hal_tim.o
                0x0000000008001b6a                HAL_TIM_IC_CaptureCallback
 .text.HAL_TIM_PWM_PulseFinishedCallback
                0x0000000008001b7c       0x12 ./Drivers/STM32F1xx_HAL_Driver/Src/stm32f1xx_hal_tim.o
                0x0000000008001b7c                HAL_TIM_PWM_PulseFinishedCallback
 .text.HAL_TIM_TriggerCallback
                0x0000000008001b8e       0x12 ./Drivers/STM32F1xx_HAL_Driver/Src/stm32f1xx_hal_tim.o
                0x0000000008001b8e                HAL_TIM_TriggerCallback
 .text.TIM_Base_SetConfig
                0x0000000008001ba0       0xb0 ./Drivers/STM32F1xx_HAL_Driver/Src/stm32f1xx_hal_tim.o
                0x0000000008001ba0                TIM_Base_SetConfig
 .text.TIM_TI1_ConfigInputStage
                0x0000000008001c50       0x5c ./Drivers/STM32F1xx_HAL_Driver/Src/stm32f1xx_hal_tim.o
 .text.TIM_TI2_ConfigInputStage
                0x0000000008001cac       0x5e ./Drivers/STM32F1xx_HAL_Driver/Src/stm32f1xx_hal_tim.o
 .text.TIM_ITRx_SetConfig
                0x0000000008001d0a       0x34 ./Drivers/STM32F1xx_HAL_Driver/Src/stm32f1xx_hal_tim.o
 .text.TIM_ETR_SetConfig
                0x0000000008001d3e       0x3e ./Drivers/STM32F1xx_HAL_Driver/Src/stm32f1xx_hal_tim.o
                0x0000000008001d3e                TIM_ETR_SetConfig
 .text.HAL_TIMEx_MasterConfigSynchronization
                0x0000000008001d7c       0xb0 ./Drivers/STM32F1xx_HAL_Driver/Src/stm32f1xx_hal_tim_ex.o
                0x0000000008001d7c                HAL_TIMEx_MasterConfigSynchronization
 .text.HAL_TIMEx_CommutCallback
                0x0000000008001e2c       0x12 ./Drivers/STM32F1xx_HAL_Driver/Src/stm32f1xx_hal_tim_ex.o
                0x0000000008001e2c                HAL_TIMEx_CommutCallback
 .text.HAL_TIMEx_BreakCallback
                0x0000000008001e3e       0x12 ./Drivers/STM32F1xx_HAL_Driver/Src/stm32f1xx_hal_tim_ex.o
                0x0000000008001e3e                HAL_TIMEx_BreakCallback
 .text.__libc_init_array
                0x0000000008001e50       0x48 d:/st/stm32cubeide_1.7.0/stm32cubeide/plugins/com.st.stm32cube.ide.mcu.externaltools.gnu-tools-for-stm32.10.3-2021.10.win32_1.0.100.202210260954/tools/bin/../lib/gcc/arm-none-eabi/10.3.1/../../../../arm-none-eabi/lib/thumb/v7-m/nofp\libc_nano.a(lib_a-init.o)
                0x0000000008001e50                __libc_init_array
 .text.memset   0x0000000008001e98       0x10 d:/st/stm32cubeide_1.7.0/stm32cubeide/plugins/com.st.stm32cube.ide.mcu.externaltools.gnu-tools-for-stm32.10.3-2021.10.win32_1.0.100.202210260954/tools/bin/../lib/gcc/arm-none-eabi/10.3.1/../../../../arm-none-eabi/lib/thumb/v7-m/nofp\libc_nano.a(lib_a-memset.o)
                0x0000000008001e98                memset
 *(.glue_7)
 .glue_7        0x0000000008001ea8        0x0 linker stubs
 *(.glue_7t)
 .glue_7t       0x0000000008001ea8        0x0 linker stubs
 *(.eh_frame)
 .eh_frame      0x0000000008001ea8        0x0 d:/st/stm32cubeide_1.7.0/stm32cubeide/plugins/com.st.stm32cube.ide.mcu.externaltools.gnu-tools-for-stm32.10.3-2021.10.win32_1.0.100.202210260954/tools/bin/../lib/gcc/arm-none-eabi/10.3.1/thumb/v7-m/nofp/crtbegin.o
 *(.init)
 .init          0x0000000008001ea8        0x4 d:/st/stm32cubeide_1.7.0/stm32cubeide/plugins/com.st.stm32cube.ide.mcu.externaltools.gnu-tools-for-stm32.10.3-2021.10.win32_1.0.100.202210260954/tools/bin/../lib/gcc/arm-none-eabi/10.3.1/thumb/v7-m/nofp/crti.o
                0x0000000008001ea8                _init
 .init          0x0000000008001eac        0x8 d:/st/stm32cubeide_1.7.0/stm32cubeide/plugins/com.st.stm32cube.ide.mcu.externaltools.gnu-tools-for-stm32.10.3-2021.10.win32_1.0.100.202210260954/tools/bin/../lib/gcc/arm-none-eabi/10.3.1/thumb/v7-m/nofp/crtn.o
 *(.fini)
 .fini          0x0000000008001eb4        0x4 d:/st/stm32cubeide_1.7.0/stm32cubeide/plugins/com.st.stm32cube.ide.mcu.externaltools.gnu-tools-for-stm32.10.3-2021.10.win32_1.0.100.202210260954/tools/bin/../lib/gcc/arm-none-eabi/10.3.1/thumb/v7-m/nofp/crti.o
                0x0000000008001eb4                _fini
 .fini          0x0000000008001eb8        0x8 d:/st/stm32cubeide_1.7.0/stm32cubeide/plugins/com.st.stm32cube.ide.mcu.externaltools.gnu-tools-for-stm32.10.3-2021.10.win32_1.0.100.202210260954/tools/bin/../lib/gcc/arm-none-eabi/10.3.1/thumb/v7-m/nofp/crtn.o
                0x0000000008001ec0                . = ALIGN (0x4)
                0x0000000008001ec0                _etext = .

.vfp11_veneer   0x0000000008001ec0        0x0
 .vfp11_veneer  0x0000000008001ec0        0x0 linker stubs

.v4_bx          0x0000000008001ec0        0x0
 .v4_bx         0x0000000008001ec0        0x0 linker stubs

.iplt           0x0000000008001ec0        0x0
 .iplt          0x0000000008001ec0        0x0 d:/st/stm32cubeide_1.7.0/stm32cubeide/plugins/com.st.stm32cube.ide.mcu.externaltools.gnu-tools-for-stm32.10.3-2021.10.win32_1.0.100.202210260954/tools/bin/../lib/gcc/arm-none-eabi/10.3.1/thumb/v7-m/nofp/crtbegin.o

.rodata         0x0000000008001ec0       0x20
                0x0000000008001ec0                . = ALIGN (0x4)
 *(.rodata)
 .rodata        0x0000000008001ec0       0x10 ./Drivers/STM32F1xx_HAL_Driver/Src/stm32f1xx_hal_rcc.o
 *(.rodata*)
 .rodata.AHBPrescTable
                0x0000000008001ed0       0x10 ./Core/Src/system_stm32f1xx.o
                0x0000000008001ed0                AHBPrescTable
                0x0000000008001ee0                . = ALIGN (0x4)

.rel.dyn        0x0000000008001ee0        0x0
 .rel.iplt      0x0000000008001ee0        0x0 d:/st/stm32cubeide_1.7.0/stm32cubeide/plugins/com.st.stm32cube.ide.mcu.externaltools.gnu-tools-for-stm32.10.3-2021.10.win32_1.0.100.202210260954/tools/bin/../lib/gcc/arm-none-eabi/10.3.1/thumb/v7-m/nofp/crtbegin.o

.ARM.extab      0x0000000008001ee0        0x0
                0x0000000008001ee0                . = ALIGN (0x4)
 *(.ARM.extab* .gnu.linkonce.armextab.*)
                0x0000000008001ee0                . = ALIGN (0x4)

.ARM            0x0000000008001ee0        0x0
                0x0000000008001ee0                . = ALIGN (0x4)
                0x0000000008001ee0                __exidx_start = .
 *(.ARM.exidx*)
                0x0000000008001ee0                __exidx_end = .
                0x0000000008001ee0                . = ALIGN (0x4)

.preinit_array  0x0000000008001ee0        0x0
                0x0000000008001ee0                . = ALIGN (0x4)
                0x0000000008001ee0                PROVIDE (__preinit_array_start = .)
 *(.preinit_array*)
                0x0000000008001ee0                PROVIDE (__preinit_array_end = .)
                0x0000000008001ee0                . = ALIGN (0x4)

.init_array     0x0000000008001ee0        0x4
                0x0000000008001ee0                . = ALIGN (0x4)
                0x0000000008001ee0                PROVIDE (__init_array_start = .)
 *(SORT_BY_NAME(.init_array.*))
 *(.init_array*)
 .init_array    0x0000000008001ee0        0x4 d:/st/stm32cubeide_1.7.0/stm32cubeide/plugins/com.st.stm32cube.ide.mcu.externaltools.gnu-tools-for-stm32.10.3-2021.10.win32_1.0.100.202210260954/tools/bin/../lib/gcc/arm-none-eabi/10.3.1/thumb/v7-m/nofp/crtbegin.o
                0x0000000008001ee4                PROVIDE (__init_array_end = .)
                0x0000000008001ee4                . = ALIGN (0x4)

.fini_array     0x0000000008001ee4        0x4
                0x0000000008001ee4                . = ALIGN (0x4)
                [!provide]                        PROVIDE (__fini_array_start = .)
 *(SORT_BY_NAME(.fini_array.*))
 *(.fini_array*)
 .fini_array    0x0000000008001ee4        0x4 d:/st/stm32cubeide_1.7.0/stm32cubeide/plugins/com.st.stm32cube.ide.mcu.externaltools.gnu-tools-for-stm32.10.3-2021.10.win32_1.0.100.202210260954/tools/bin/../lib/gcc/arm-none-eabi/10.3.1/thumb/v7-m/nofp/crtbegin.o
                [!provide]                        PROVIDE (__fini_array_end = .)
                0x0000000008001ee8                . = ALIGN (0x4)
                0x0000000008001ee8                _sidata = LOADADDR (.data)

.data           0x0000000020000000        0xc load address 0x0000000008001ee8
                0x0000000020000000                . = ALIGN (0x4)
                0x0000000020000000                _sdata = .
 *(.data)
 *(.data*)
 .data.SystemCoreClock
                0x0000000020000000        0x4 ./Core/Src/system_stm32f1xx.o
                0x0000000020000000                SystemCoreClock
 .data.uwTickPrio
                0x0000000020000004        0x4 ./Drivers/STM32F1xx_HAL_Driver/Src/stm32f1xx_hal.o
                0x0000000020000004                uwTickPrio
 .data.uwTickFreq
                0x0000000020000008        0x1 ./Drivers/STM32F1xx_HAL_Driver/Src/stm32f1xx_hal.o
                0x0000000020000008                uwTickFreq
 *(.RamFunc)
 *(.RamFunc*)
                0x000000002000000c                . = ALIGN (0x4)
 *fill*         0x0000000020000009        0x3 
                0x000000002000000c                _edata = .

.igot.plt       0x000000002000000c        0x0 load address 0x0000000008001ef4
 .igot.plt      0x000000002000000c        0x0 d:/st/stm32cubeide_1.7.0/stm32cubeide/plugins/com.st.stm32cube.ide.mcu.externaltools.gnu-tools-for-stm32.10.3-2021.10.win32_1.0.100.202210260954/tools/bin/../lib/gcc/arm-none-eabi/10.3.1/thumb/v7-m/nofp/crtbegin.o
                0x000000002000000c                . = ALIGN (0x4)

.bss            0x000000002000000c      0x134 load address 0x0000000008001ef4
                0x000000002000000c                _sbss = .
                0x000000002000000c                __bss_start__ = _sbss
 *(.bss)
 .bss           0x000000002000000c       0x1c d:/st/stm32cubeide_1.7.0/stm32cubeide/plugins/com.st.stm32cube.ide.mcu.externaltools.gnu-tools-for-stm32.10.3-2021.10.win32_1.0.100.202210260954/tools/bin/../lib/gcc/arm-none-eabi/10.3.1/thumb/v7-m/nofp/crtbegin.o
 *(.bss*)
 .bss.SCH_tasks_G
                0x0000000020000028       0xc8 ./Core/Src/scheduler.o
                0x0000000020000028                SCH_tasks_G
 .bss.numberOfTasks
                0x00000000200000f0        0x4 ./Core/Src/scheduler.o
                0x00000000200000f0                numberOfTasks
 .bss.htim2     0x00000000200000f4       0x48 ./Core/Src/tim.o
                0x00000000200000f4                htim2
 .bss.uwTick    0x000000002000013c        0x4 ./Drivers/STM32F1xx_HAL_Driver/Src/stm32f1xx_hal.o
                0x000000002000013c                uwTick
 *(COMMON)
                0x0000000020000140                . = ALIGN (0x4)
                0x0000000020000140                _ebss = .
                0x0000000020000140                __bss_end__ = _ebss

._user_heap_stack
                0x0000000020000140      0x600 load address 0x0000000008001ef4
                0x0000000020000140                . = ALIGN (0x8)
                [!provide]                        PROVIDE (end = .)
                0x0000000020000140                PROVIDE (_end = .)
                0x0000000020000340                . = (. + _Min_Heap_Size)
 *fill*         0x0000000020000140      0x200 
                0x0000000020000740                . = (. + _Min_Stack_Size)
 *fill*         0x0000000020000340      0x400 
                0x0000000020000740                . = ALIGN (0x8)

/DISCARD/
 libc.a(*)
 libm.a(*)
 libgcc.a(*)

.ARM.attributes
                0x0000000000000000       0x29
 *(.ARM.attributes)
 .ARM.attributes
                0x0000000000000000       0x1d d:/st/stm32cubeide_1.7.0/stm32cubeide/plugins/com.st.stm32cube.ide.mcu.externaltools.gnu-tools-for-stm32.10.3-2021.10.win32_1.0.100.202210260954/tools/bin/../lib/gcc/arm-none-eabi/10.3.1/thumb/v7-m/nofp/crti.o
 .ARM.attributes
                0x000000000000001d       0x2d d:/st/stm32cubeide_1.7.0/stm32cubeide/plugins/com.st.stm32cube.ide.mcu.externaltools.gnu-tools-for-stm32.10.3-2021.10.win32_1.0.100.202210260954/tools/bin/../lib/gcc/arm-none-eabi/10.3.1/thumb/v7-m/nofp/crtbegin.o
 .ARM.attributes
                0x000000000000004a       0x2d ./Core/Src/gpio.o
 .ARM.attributes
                0x0000000000000077       0x2d ./Core/Src/main.o
 .ARM.attributes
                0x00000000000000a4       0x2d ./Core/Src/scheduler.o
 .ARM.attributes
                0x00000000000000d1       0x2d ./Core/Src/stm32f1xx_hal_msp.o
 .ARM.attributes
                0x00000000000000fe       0x2d ./Core/Src/stm32f1xx_it.o
 .ARM.attributes
                0x000000000000012b       0x2d ./Core/Src/system_stm32f1xx.o
 .ARM.attributes
                0x0000000000000158       0x2d ./Core/Src/tim.o
 .ARM.attributes
                0x0000000000000185       0x21 ./Core/Startup/startup_stm32f103c6ux.o
 .ARM.attributes
                0x00000000000001a6       0x2d ./Drivers/STM32F1xx_HAL_Driver/Src/stm32f1xx_hal.o
 .ARM.attributes
                0x00000000000001d3       0x2d ./Drivers/STM32F1xx_HAL_Driver/Src/stm32f1xx_hal_cortex.o
 .ARM.attributes
                0x0000000000000200       0x2d ./Drivers/STM32F1xx_HAL_Driver/Src/stm32f1xx_hal_gpio.o
 .ARM.attributes
                0x000000000000022d       0x2d ./Drivers/STM32F1xx_HAL_Driver/Src/stm32f1xx_hal_pwr.o
 .ARM.attributes
                0x000000000000025a       0x2d ./Drivers/STM32F1xx_HAL_Driver/Src/stm32f1xx_hal_rcc.o
 .ARM.attributes
                0x0000000000000287       0x2d ./Drivers/STM32F1xx_HAL_Driver/Src/stm32f1xx_hal_tim.o
 .ARM.attributes
                0x00000000000002b4       0x2d ./Drivers/STM32F1xx_HAL_Driver/Src/stm32f1xx_hal_tim_ex.o
 .ARM.attributes
                0x00000000000002e1       0x2d d:/st/stm32cubeide_1.7.0/stm32cubeide/plugins/com.st.stm32cube.ide.mcu.externaltools.gnu-tools-for-stm32.10.3-2021.10.win32_1.0.100.202210260954/tools/bin/../lib/gcc/arm-none-eabi/10.3.1/../../../../arm-none-eabi/lib/thumb/v7-m/nofp\libc_nano.a(lib_a-init.o)
 .ARM.attributes
                0x000000000000030e       0x2d d:/st/stm32cubeide_1.7.0/stm32cubeide/plugins/com.st.stm32cube.ide.mcu.externaltools.gnu-tools-for-stm32.10.3-2021.10.win32_1.0.100.202210260954/tools/bin/../lib/gcc/arm-none-eabi/10.3.1/../../../../arm-none-eabi/lib/thumb/v7-m/nofp\libc_nano.a(lib_a-memset.o)
 .ARM.attributes
                0x000000000000033b       0x1d d:/st/stm32cubeide_1.7.0/stm32cubeide/plugins/com.st.stm32cube.ide.mcu.externaltools.gnu-tools-for-stm32.10.3-2021.10.win32_1.0.100.202210260954/tools/bin/../lib/gcc/arm-none-eabi/10.3.1/thumb/v7-m/nofp/crtn.o
OUTPUT(Lab 4.elf elf32-littlearm)
LOAD linker stubs
LOAD d:/st/stm32cubeide_1.7.0/stm32cubeide/plugins/com.st.stm32cube.ide.mcu.externaltools.gnu-tools-for-stm32.10.3-2021.10.win32_1.0.100.202210260954/tools/bin/../lib/gcc/arm-none-eabi/10.3.1/../../../../arm-none-eabi/lib/thumb/v7-m/nofp\libc.a
LOAD d:/st/stm32cubeide_1.7.0/stm32cubeide/plugins/com.st.stm32cube.ide.mcu.externaltools.gnu-tools-for-stm32.10.3-2021.10.win32_1.0.100.202210260954/tools/bin/../lib/gcc/arm-none-eabi/10.3.1/../../../../arm-none-eabi/lib/thumb/v7-m/nofp\libm.a
LOAD d:/st/stm32cubeide_1.7.0/stm32cubeide/plugins/com.st.stm32cube.ide.mcu.externaltools.gnu-tools-for-stm32.10.3-2021.10.win32_1.0.100.202210260954/tools/bin/../lib/gcc/arm-none-eabi/10.3.1/thumb/v7-m/nofp\libgcc.a

.debug_info     0x0000000000000000     0x89b1
 .debug_info    0x0000000000000000      0x2b4 ./Core/Src/gpio.o
 .debug_info    0x00000000000002b4      0x9bc ./Core/Src/main.o
 .debug_info    0x0000000000000c70      0x2b6 ./Core/Src/scheduler.o
 .debug_info    0x0000000000000f26      0x180 ./Core/Src/stm32f1xx_hal_msp.o
 .debug_info    0x00000000000010a6      0x6ea ./Core/Src/stm32f1xx_it.o
 .debug_info    0x0000000000001790      0x23d ./Core/Src/system_stm32f1xx.o
 .debug_info    0x00000000000019cd      0x9e8 ./Core/Src/tim.o
 .debug_info    0x00000000000023b5       0x22 ./Core/Startup/startup_stm32f103c6ux.o
 .debug_info    0x00000000000023d7      0x716 ./Drivers/STM32F1xx_HAL_Driver/Src/stm32f1xx_hal.o
 .debug_info    0x0000000000002aed      0xb02 ./Drivers/STM32F1xx_HAL_Driver/Src/stm32f1xx_hal_cortex.o
 .debug_info    0x00000000000035ef      0x615 ./Drivers/STM32F1xx_HAL_Driver/Src/stm32f1xx_hal_gpio.o
 .debug_info    0x0000000000003c04      0x65c ./Drivers/STM32F1xx_HAL_Driver/Src/stm32f1xx_hal_pwr.o
 .debug_info    0x0000000000004260      0x860 ./Drivers/STM32F1xx_HAL_Driver/Src/stm32f1xx_hal_rcc.o
 .debug_info    0x0000000000004ac0     0x29de ./Drivers/STM32F1xx_HAL_Driver/Src/stm32f1xx_hal_tim.o
 .debug_info    0x000000000000749e     0x1513 ./Drivers/STM32F1xx_HAL_Driver/Src/stm32f1xx_hal_tim_ex.o

.debug_abbrev   0x0000000000000000     0x1a8e
 .debug_abbrev  0x0000000000000000      0x129 ./Core/Src/gpio.o
 .debug_abbrev  0x0000000000000129      0x262 ./Core/Src/main.o
 .debug_abbrev  0x000000000000038b      0x17f ./Core/Src/scheduler.o
 .debug_abbrev  0x000000000000050a       0xc2 ./Core/Src/stm32f1xx_hal_msp.o
 .debug_abbrev  0x00000000000005cc      0x184 ./Core/Src/stm32f1xx_it.o
 .debug_abbrev  0x0000000000000750      0x13b ./Core/Src/system_stm32f1xx.o
 .debug_abbrev  0x000000000000088b      0x1f7 ./Core/Src/tim.o
 .debug_abbrev  0x0000000000000a82       0x12 ./Core/Startup/startup_stm32f103c6ux.o
 .debug_abbrev  0x0000000000000a94      0x1fb ./Drivers/STM32F1xx_HAL_Driver/Src/stm32f1xx_hal.o
 .debug_abbrev  0x0000000000000c8f      0x2ed ./Drivers/STM32F1xx_HAL_Driver/Src/stm32f1xx_hal_cortex.o
 .debug_abbrev  0x0000000000000f7c      0x1bb ./Drivers/STM32F1xx_HAL_Driver/Src/stm32f1xx_hal_gpio.o
 .debug_abbrev  0x0000000000001137      0x1ed ./Drivers/STM32F1xx_HAL_Driver/Src/stm32f1xx_hal_pwr.o
 .debug_abbrev  0x0000000000001324      0x2a8 ./Drivers/STM32F1xx_HAL_Driver/Src/stm32f1xx_hal_rcc.o
 .debug_abbrev  0x00000000000015cc      0x25d ./Drivers/STM32F1xx_HAL_Driver/Src/stm32f1xx_hal_tim.o
 .debug_abbrev  0x0000000000001829      0x265 ./Drivers/STM32F1xx_HAL_Driver/Src/stm32f1xx_hal_tim_ex.o

.debug_aranges  0x0000000000000000      0xa70
 .debug_aranges
                0x0000000000000000       0x20 ./Core/Src/gpio.o
 .debug_aranges
                0x0000000000000020       0x58 ./Core/Src/main.o
 .debug_aranges
                0x0000000000000078       0x48 ./Core/Src/scheduler.o
 .debug_aranges
                0x00000000000000c0       0x20 ./Core/Src/stm32f1xx_hal_msp.o
 .debug_aranges
                0x00000000000000e0       0x68 ./Core/Src/stm32f1xx_it.o
 .debug_aranges
                0x0000000000000148       0x28 ./Core/Src/system_stm32f1xx.o
 .debug_aranges
                0x0000000000000170       0x30 ./Core/Src/tim.o
 .debug_aranges
                0x00000000000001a0       0x28 ./Core/Startup/startup_stm32f103c6ux.o
 .debug_aranges
                0x00000000000001c8       0xe0 ./Drivers/STM32F1xx_HAL_Driver/Src/stm32f1xx_hal.o
 .debug_aranges
                0x00000000000002a8      0x100 ./Drivers/STM32F1xx_HAL_Driver/Src/stm32f1xx_hal_cortex.o
 .debug_aranges
                0x00000000000003a8       0x58 ./Drivers/STM32F1xx_HAL_Driver/Src/stm32f1xx_hal_gpio.o
 .debug_aranges
                0x0000000000000400       0xa8 ./Drivers/STM32F1xx_HAL_Driver/Src/stm32f1xx_hal_pwr.o
 .debug_aranges
                0x00000000000004a8       0x90 ./Drivers/STM32F1xx_HAL_Driver/Src/stm32f1xx_hal_rcc.o
 .debug_aranges
                0x0000000000000538      0x3d0 ./Drivers/STM32F1xx_HAL_Driver/Src/stm32f1xx_hal_tim.o
 .debug_aranges
                0x0000000000000908      0x168 ./Drivers/STM32F1xx_HAL_Driver/Src/stm32f1xx_hal_tim_ex.o

.debug_ranges   0x0000000000000000      0x988
 .debug_ranges  0x0000000000000000       0x10 ./Core/Src/gpio.o
 .debug_ranges  0x0000000000000010       0x48 ./Core/Src/main.o
 .debug_ranges  0x0000000000000058       0x38 ./Core/Src/scheduler.o
 .debug_ranges  0x0000000000000090       0x10 ./Core/Src/stm32f1xx_hal_msp.o
 .debug_ranges  0x00000000000000a0       0x58 ./Core/Src/stm32f1xx_it.o
 .debug_ranges  0x00000000000000f8       0x18 ./Core/Src/system_stm32f1xx.o
 .debug_ranges  0x0000000000000110       0x20 ./Core/Src/tim.o
 .debug_ranges  0x0000000000000130       0x20 ./Core/Startup/startup_stm32f103c6ux.o
 .debug_ranges  0x0000000000000150       0xd0 ./Drivers/STM32F1xx_HAL_Driver/Src/stm32f1xx_hal.o
 .debug_ranges  0x0000000000000220       0xf0 ./Drivers/STM32F1xx_HAL_Driver/Src/stm32f1xx_hal_cortex.o
 .debug_ranges  0x0000000000000310       0x48 ./Drivers/STM32F1xx_HAL_Driver/Src/stm32f1xx_hal_gpio.o
 .debug_ranges  0x0000000000000358       0x98 ./Drivers/STM32F1xx_HAL_Driver/Src/stm32f1xx_hal_pwr.o
 .debug_ranges  0x00000000000003f0       0x80 ./Drivers/STM32F1xx_HAL_Driver/Src/stm32f1xx_hal_rcc.o
 .debug_ranges  0x0000000000000470      0x3c0 ./Drivers/STM32F1xx_HAL_Driver/Src/stm32f1xx_hal_tim.o
 .debug_ranges  0x0000000000000830      0x158 ./Drivers/STM32F1xx_HAL_Driver/Src/stm32f1xx_hal_tim_ex.o

.debug_macro    0x0000000000000000    0x1689f
 .debug_macro   0x0000000000000000      0x1ac ./Core/Src/gpio.o
 .debug_macro   0x00000000000001ac      0xa6c ./Core/Src/gpio.o
 .debug_macro   0x0000000000000c18      0x215 ./Core/Src/gpio.o
 .debug_macro   0x0000000000000e2d       0x2e ./Core/Src/gpio.o
 .debug_macro   0x0000000000000e5b       0x22 ./Core/Src/gpio.o
 .debug_macro   0x0000000000000e7d       0x22 ./Core/Src/gpio.o
 .debug_macro   0x0000000000000e9f       0x8e ./Core/Src/gpio.o
 .debug_macro   0x0000000000000f2d       0x51 ./Core/Src/gpio.o
 .debug_macro   0x0000000000000f7e      0x103 ./Core/Src/gpio.o
 .debug_macro   0x0000000000001081       0x6a ./Core/Src/gpio.o
 .debug_macro   0x00000000000010eb      0x1df ./Core/Src/gpio.o
 .debug_macro   0x00000000000012ca       0x1c ./Core/Src/gpio.o
 .debug_macro   0x00000000000012e6       0x22 ./Core/Src/gpio.o
 .debug_macro   0x0000000000001308       0xbd ./Core/Src/gpio.o
 .debug_macro   0x00000000000013c5      0xd23 ./Core/Src/gpio.o
 .debug_macro   0x00000000000020e8     0xde75 ./Core/Src/gpio.o
 .debug_macro   0x000000000000ff5d       0x6d ./Core/Src/gpio.o
 .debug_macro   0x000000000000ffca     0x3468 ./Core/Src/gpio.o
 .debug_macro   0x0000000000013432      0x174 ./Core/Src/gpio.o
 .debug_macro   0x00000000000135a6       0x5c ./Core/Src/gpio.o
 .debug_macro   0x0000000000013602      0x5be ./Core/Src/gpio.o
 .debug_macro   0x0000000000013bc0      0x1b7 ./Core/Src/gpio.o
 .debug_macro   0x0000000000013d77      0x1cb ./Core/Src/gpio.o
 .debug_macro   0x0000000000013f42      0x114 ./Core/Src/gpio.o
 .debug_macro   0x0000000000014056      0x1b2 ./Core/Src/gpio.o
 .debug_macro   0x0000000000014208       0x27 ./Core/Src/gpio.o
 .debug_macro   0x000000000001422f      0x12f ./Core/Src/gpio.o
 .debug_macro   0x000000000001435e      0x1bc ./Core/Src/gpio.o
 .debug_macro   0x000000000001451a       0x34 ./Core/Src/gpio.o
 .debug_macro   0x000000000001454e       0x3c ./Core/Src/gpio.o
 .debug_macro   0x000000000001458a       0x57 ./Core/Src/gpio.o
 .debug_macro   0x00000000000145e1       0x88 ./Core/Src/gpio.o
 .debug_macro   0x0000000000014669      0x183 ./Core/Src/gpio.o
 .debug_macro   0x00000000000147ec      0x141 ./Core/Src/gpio.o
 .debug_macro   0x000000000001492d      0x8d1 ./Core/Src/gpio.o
 .debug_macro   0x00000000000151fe       0x69 ./Core/Src/gpio.o
 .debug_macro   0x0000000000015267      0x1c4 ./Core/Src/main.o
 .debug_macro   0x000000000001542b      0x1b8 ./Core/Src/scheduler.o
 .debug_macro   0x00000000000155e3      0x1a2 ./Core/Src/stm32f1xx_hal_msp.o
 .debug_macro   0x0000000000015785      0x1ac ./Core/Src/stm32f1xx_it.o
 .debug_macro   0x0000000000015931      0x198 ./Core/Src/system_stm32f1xx.o
 .debug_macro   0x0000000000015ac9      0x1ac ./Core/Src/tim.o
 .debug_macro   0x0000000000015c75      0x1bc ./Drivers/STM32F1xx_HAL_Driver/Src/stm32f1xx_hal.o
 .debug_macro   0x0000000000015e31      0x198 ./Drivers/STM32F1xx_HAL_Driver/Src/stm32f1xx_hal_cortex.o
 .debug_macro   0x0000000000015fc9      0x203 ./Drivers/STM32F1xx_HAL_Driver/Src/stm32f1xx_hal_gpio.o
 .debug_macro   0x00000000000161cc      0x1f8 ./Drivers/STM32F1xx_HAL_Driver/Src/stm32f1xx_hal_pwr.o
 .debug_macro   0x00000000000163c4      0x1aa ./Drivers/STM32F1xx_HAL_Driver/Src/stm32f1xx_hal_rcc.o
 .debug_macro   0x000000000001656e      0x199 ./Drivers/STM32F1xx_HAL_Driver/Src/stm32f1xx_hal_tim.o
 .debug_macro   0x0000000000016707      0x198 ./Drivers/STM32F1xx_HAL_Driver/Src/stm32f1xx_hal_tim_ex.o

.debug_line     0x0000000000000000     0xaf26
 .debug_line    0x0000000000000000      0x66a ./Core/Src/gpio.o
 .debug_line    0x000000000000066a      0x75f ./Core/Src/main.o
 .debug_line    0x0000000000000dc9      0x7fe ./Core/Src/scheduler.o
 .debug_line    0x00000000000015c7      0x65e ./Core/Src/stm32f1xx_hal_msp.o
 .debug_line    0x0000000000001c25      0x738 ./Core/Src/stm32f1xx_it.o
 .debug_line    0x000000000000235d      0x6dc ./Core/Src/system_stm32f1xx.o
 .debug_line    0x0000000000002a39      0x6cb ./Core/Src/tim.o
 .debug_line    0x0000000000003104       0x87 ./Core/Startup/startup_stm32f103c6ux.o
 .debug_line    0x000000000000318b      0x909 ./Drivers/STM32F1xx_HAL_Driver/Src/stm32f1xx_hal.o
 .debug_line    0x0000000000003a94      0xaf1 ./Drivers/STM32F1xx_HAL_Driver/Src/stm32f1xx_hal_cortex.o
 .debug_line    0x0000000000004585      0x98b ./Drivers/STM32F1xx_HAL_Driver/Src/stm32f1xx_hal_gpio.o
 .debug_line    0x0000000000004f10      0x88b ./Drivers/STM32F1xx_HAL_Driver/Src/stm32f1xx_hal_pwr.o
 .debug_line    0x000000000000579b      0xd17 ./Drivers/STM32F1xx_HAL_Driver/Src/stm32f1xx_hal_rcc.o
 .debug_line    0x00000000000064b2     0x3275 ./Drivers/STM32F1xx_HAL_Driver/Src/stm32f1xx_hal_tim.o
 .debug_line    0x0000000000009727     0x17ff ./Drivers/STM32F1xx_HAL_Driver/Src/stm32f1xx_hal_tim_ex.o

.debug_str      0x0000000000000000    0x82032
 .debug_str     0x0000000000000000    0x7f08c ./Core/Src/gpio.o
                                      0x7f3b8 (size before relaxing)
 .debug_str     0x000000000007f08c      0x6ad ./Core/Src/main.o
                                      0x7fa35 (size before relaxing)
 .debug_str     0x000000000007f739       0xdc ./Core/Src/scheduler.o
                                      0x7f3db (size before relaxing)
 .debug_str     0x000000000007f815       0x2c ./Core/Src/stm32f1xx_hal_msp.o
                                      0x7f312 (size before relaxing)
 .debug_str     0x000000000007f841       0xec ./Core/Src/stm32f1xx_it.o
                                      0x7f846 (size before relaxing)
 .debug_str     0x000000000007f92d       0x7e ./Core/Src/system_stm32f1xx.o
                                      0x7f36b (size before relaxing)
 .debug_str     0x000000000007f9ab      0x3ac ./Core/Src/tim.o
                                      0x7fc27 (size before relaxing)
 .debug_str     0x000000000007fd57       0x36 ./Core/Startup/startup_stm32f103c6ux.o
                                         0x69 (size before relaxing)
 .debug_str     0x000000000007fd8d      0x38e ./Drivers/STM32F1xx_HAL_Driver/Src/stm32f1xx_hal.o
                                      0x7fa64 (size before relaxing)
 .debug_str     0x000000000008011b      0x29e ./Drivers/STM32F1xx_HAL_Driver/Src/stm32f1xx_hal_cortex.o
                                      0x7f9b0 (size before relaxing)
 .debug_str     0x00000000000803b9      0x302 ./Drivers/STM32F1xx_HAL_Driver/Src/stm32f1xx_hal_gpio.o
                                      0x7f6f1 (size before relaxing)
 .debug_str     0x00000000000806bb      0x4f7 ./Drivers/STM32F1xx_HAL_Driver/Src/stm32f1xx_hal_pwr.o
                                      0x7f8a2 (size before relaxing)
 .debug_str     0x0000000000080bb2      0x21d ./Drivers/STM32F1xx_HAL_Driver/Src/stm32f1xx_hal_rcc.o
                                      0x7f79a (size before relaxing)
 .debug_str     0x0000000000080dcf      0xdd0 ./Drivers/STM32F1xx_HAL_Driver/Src/stm32f1xx_hal_tim.o
                                      0x80785 (size before relaxing)
 .debug_str     0x0000000000081b9f      0x493 ./Drivers/STM32F1xx_HAL_Driver/Src/stm32f1xx_hal_tim_ex.o
                                      0x7ffa1 (size before relaxing)

.comment        0x0000000000000000       0x50
 .comment       0x0000000000000000       0x50 ./Core/Src/gpio.o
                                         0x51 (size before relaxing)
 .comment       0x0000000000000050       0x51 ./Core/Src/main.o
 .comment       0x0000000000000050       0x51 ./Core/Src/scheduler.o
 .comment       0x0000000000000050       0x51 ./Core/Src/stm32f1xx_hal_msp.o
 .comment       0x0000000000000050       0x51 ./Core/Src/stm32f1xx_it.o
 .comment       0x0000000000000050       0x51 ./Core/Src/system_stm32f1xx.o
 .comment       0x0000000000000050       0x51 ./Core/Src/tim.o
 .comment       0x0000000000000050       0x51 ./Drivers/STM32F1xx_HAL_Driver/Src/stm32f1xx_hal.o
 .comment       0x0000000000000050       0x51 ./Drivers/STM32F1xx_HAL_Driver/Src/stm32f1xx_hal_cortex.o
 .comment       0x0000000000000050       0x51 ./Drivers/STM32F1xx_HAL_Driver/Src/stm32f1xx_hal_gpio.o
 .comment       0x0000000000000050       0x51 ./Drivers/STM32F1xx_HAL_Driver/Src/stm32f1xx_hal_pwr.o
 .comment       0x0000000000000050       0x51 ./Drivers/STM32F1xx_HAL_Driver/Src/stm32f1xx_hal_rcc.o
 .comment       0x0000000000000050       0x51 ./Drivers/STM32F1xx_HAL_Driver/Src/stm32f1xx_hal_tim.o
 .comment       0x0000000000000050       0x51 ./Drivers/STM32F1xx_HAL_Driver/Src/stm32f1xx_hal_tim_ex.o

.debug_frame    0x0000000000000000     0x29c4
 .debug_frame   0x0000000000000000       0x34 ./Core/Src/gpio.o
 .debug_frame   0x0000000000000034       0xfc ./Core/Src/main.o
 .debug_frame   0x0000000000000130       0xf8 ./Core/Src/scheduler.o
 .debug_frame   0x0000000000000228       0x38 ./Core/Src/stm32f1xx_hal_msp.o
 .debug_frame   0x0000000000000260      0x120 ./Core/Src/stm32f1xx_it.o
 .debug_frame   0x0000000000000380       0x58 ./Core/Src/system_stm32f1xx.o
 .debug_frame   0x00000000000003d8       0x7c ./Core/Src/tim.o
 .debug_frame   0x0000000000000454      0x334 ./Drivers/STM32F1xx_HAL_Driver/Src/stm32f1xx_hal.o
 .debug_frame   0x0000000000000788      0x428 ./Drivers/STM32F1xx_HAL_Driver/Src/stm32f1xx_hal_cortex.o
 .debug_frame   0x0000000000000bb0      0x14c ./Drivers/STM32F1xx_HAL_Driver/Src/stm32f1xx_hal_gpio.o
 .debug_frame   0x0000000000000cfc      0x270 ./Drivers/STM32F1xx_HAL_Driver/Src/stm32f1xx_hal_pwr.o
 .debug_frame   0x0000000000000f6c      0x21c ./Drivers/STM32F1xx_HAL_Driver/Src/stm32f1xx_hal_rcc.o
 .debug_frame   0x0000000000001188     0x11b8 ./Drivers/STM32F1xx_HAL_Driver/Src/stm32f1xx_hal_tim.o
 .debug_frame   0x0000000000002340      0x638 ./Drivers/STM32F1xx_HAL_Driver/Src/stm32f1xx_hal_tim_ex.o
 .debug_frame   0x0000000000002978       0x2c d:/st/stm32cubeide_1.7.0/stm32cubeide/plugins/com.st.stm32cube.ide.mcu.externaltools.gnu-tools-for-stm32.10.3-2021.10.win32_1.0.100.202210260954/tools/bin/../lib/gcc/arm-none-eabi/10.3.1/../../../../arm-none-eabi/lib/thumb/v7-m/nofp\libc_nano.a(lib_a-init.o)
 .debug_frame   0x00000000000029a4       0x20 d:/st/stm32cubeide_1.7.0/stm32cubeide/plugins/com.st.stm32cube.ide.mcu.externaltools.gnu-tools-for-stm32.10.3-2021.10.win32_1.0.100.202210260954/tools/bin/../lib/gcc/arm-none-eabi/10.3.1/../../../../arm-none-eabi/lib/thumb/v7-m/nofp\libc_nano.a(lib_a-memset.o)
