Archive member included to satisfy reference by file (symbol)

d:/st/stm32cubeide_1.7.0/stm32cubeide/plugins/com.st.stm32cube.ide.mcu.externaltools.gnu-tools-for-stm32.10.3-2021.10.win32_1.0.0.202111181127/tools/bin/../lib/gcc/arm-none-eabi/10.3.1/../../../../arm-none-eabi/lib/thumb/v7-m/nofp\libc_nano.a(lib_a-errno.o)
                              ./Core/Src/syscalls.o (__errno)
d:/st/stm32cubeide_1.7.0/stm32cubeide/plugins/com.st.stm32cube.ide.mcu.externaltools.gnu-tools-for-stm32.10.3-2021.10.win32_1.0.0.202111181127/tools/bin/../lib/gcc/arm-none-eabi/10.3.1/../../../../arm-none-eabi/lib/thumb/v7-m/nofp\libc_nano.a(lib_a-exit.o)
                              d:/st/stm32cubeide_1.7.0/stm32cubeide/plugins/com.st.stm32cube.ide.mcu.externaltools.gnu-tools-for-stm32.10.3-2021.10.win32_1.0.0.202111181127/tools/bin/../lib/gcc/arm-none-eabi/10.3.1/../../../../arm-none-eabi/lib/thumb/v7-m/nofp/crt0.o (exit)
d:/st/stm32cubeide_1.7.0/stm32cubeide/plugins/com.st.stm32cube.ide.mcu.externaltools.gnu-tools-for-stm32.10.3-2021.10.win32_1.0.0.202111181127/tools/bin/../lib/gcc/arm-none-eabi/10.3.1/../../../../arm-none-eabi/lib/thumb/v7-m/nofp\libc_nano.a(lib_a-impure.o)
                              d:/st/stm32cubeide_1.7.0/stm32cubeide/plugins/com.st.stm32cube.ide.mcu.externaltools.gnu-tools-for-stm32.10.3-2021.10.win32_1.0.0.202111181127/tools/bin/../lib/gcc/arm-none-eabi/10.3.1/../../../../arm-none-eabi/lib/thumb/v7-m/nofp\libc_nano.a(lib_a-exit.o) (_global_impure_ptr)
d:/st/stm32cubeide_1.7.0/stm32cubeide/plugins/com.st.stm32cube.ide.mcu.externaltools.gnu-tools-for-stm32.10.3-2021.10.win32_1.0.0.202111181127/tools/bin/../lib/gcc/arm-none-eabi/10.3.1/../../../../arm-none-eabi/lib/thumb/v7-m/nofp\libc_nano.a(lib_a-init.o)
                              d:/st/stm32cubeide_1.7.0/stm32cubeide/plugins/com.st.stm32cube.ide.mcu.externaltools.gnu-tools-for-stm32.10.3-2021.10.win32_1.0.0.202111181127/tools/bin/../lib/gcc/arm-none-eabi/10.3.1/../../../../arm-none-eabi/lib/thumb/v7-m/nofp/crt0.o (__libc_init_array)
d:/st/stm32cubeide_1.7.0/stm32cubeide/plugins/com.st.stm32cube.ide.mcu.externaltools.gnu-tools-for-stm32.10.3-2021.10.win32_1.0.0.202111181127/tools/bin/../lib/gcc/arm-none-eabi/10.3.1/../../../../arm-none-eabi/lib/thumb/v7-m/nofp\libc_nano.a(lib_a-malloc.o)
                              ./Core/Src/component.o (malloc)
d:/st/stm32cubeide_1.7.0/stm32cubeide/plugins/com.st.stm32cube.ide.mcu.externaltools.gnu-tools-for-stm32.10.3-2021.10.win32_1.0.0.202111181127/tools/bin/../lib/gcc/arm-none-eabi/10.3.1/../../../../arm-none-eabi/lib/thumb/v7-m/nofp\libc_nano.a(lib_a-memset.o)
                              d:/st/stm32cubeide_1.7.0/stm32cubeide/plugins/com.st.stm32cube.ide.mcu.externaltools.gnu-tools-for-stm32.10.3-2021.10.win32_1.0.0.202111181127/tools/bin/../lib/gcc/arm-none-eabi/10.3.1/../../../../arm-none-eabi/lib/thumb/v7-m/nofp/crt0.o (memset)
d:/st/stm32cubeide_1.7.0/stm32cubeide/plugins/com.st.stm32cube.ide.mcu.externaltools.gnu-tools-for-stm32.10.3-2021.10.win32_1.0.0.202111181127/tools/bin/../lib/gcc/arm-none-eabi/10.3.1/../../../../arm-none-eabi/lib/thumb/v7-m/nofp\libc_nano.a(lib_a-nano-freer.o)
                              d:/st/stm32cubeide_1.7.0/stm32cubeide/plugins/com.st.stm32cube.ide.mcu.externaltools.gnu-tools-for-stm32.10.3-2021.10.win32_1.0.0.202111181127/tools/bin/../lib/gcc/arm-none-eabi/10.3.1/../../../../arm-none-eabi/lib/thumb/v7-m/nofp\libc_nano.a(lib_a-malloc.o) (_free_r)
d:/st/stm32cubeide_1.7.0/stm32cubeide/plugins/com.st.stm32cube.ide.mcu.externaltools.gnu-tools-for-stm32.10.3-2021.10.win32_1.0.0.202111181127/tools/bin/../lib/gcc/arm-none-eabi/10.3.1/../../../../arm-none-eabi/lib/thumb/v7-m/nofp\libc_nano.a(lib_a-nano-mallocr.o)
                              d:/st/stm32cubeide_1.7.0/stm32cubeide/plugins/com.st.stm32cube.ide.mcu.externaltools.gnu-tools-for-stm32.10.3-2021.10.win32_1.0.0.202111181127/tools/bin/../lib/gcc/arm-none-eabi/10.3.1/../../../../arm-none-eabi/lib/thumb/v7-m/nofp\libc_nano.a(lib_a-malloc.o) (_malloc_r)
d:/st/stm32cubeide_1.7.0/stm32cubeide/plugins/com.st.stm32cube.ide.mcu.externaltools.gnu-tools-for-stm32.10.3-2021.10.win32_1.0.0.202111181127/tools/bin/../lib/gcc/arm-none-eabi/10.3.1/../../../../arm-none-eabi/lib/thumb/v7-m/nofp\libc_nano.a(lib_a-sbrkr.o)
                              d:/st/stm32cubeide_1.7.0/stm32cubeide/plugins/com.st.stm32cube.ide.mcu.externaltools.gnu-tools-for-stm32.10.3-2021.10.win32_1.0.0.202111181127/tools/bin/../lib/gcc/arm-none-eabi/10.3.1/../../../../arm-none-eabi/lib/thumb/v7-m/nofp\libc_nano.a(lib_a-nano-mallocr.o) (_sbrk_r)
d:/st/stm32cubeide_1.7.0/stm32cubeide/plugins/com.st.stm32cube.ide.mcu.externaltools.gnu-tools-for-stm32.10.3-2021.10.win32_1.0.0.202111181127/tools/bin/../lib/gcc/arm-none-eabi/10.3.1/../../../../arm-none-eabi/lib/thumb/v7-m/nofp\libc_nano.a(lib_a-mlock.o)
[...]
Memory Configuration

Name             Origin             Length             Attributes
RAM              0x0000000020000000 0x0000000000002800 xrw
FLASH            0x0000000008000000 0x0000000000008000 xr
*default*        0x0000000000000000 0xffffffffffffffff

Linker script and memory map

LOAD d:/st/stm32cubeide_1.7.0/stm32cubeide/plugins/com.st.stm32cube.ide.mcu.externaltools.gnu-tools-for-stm32.10.3-2021.10.win32_1.0.0.202111181127/tools/bin/../lib/gcc/arm-none-eabi/10.3.1/thumb/v7-m/nofp/crti.o
LOAD d:/st/stm32cubeide_1.7.0/stm32cubeide/plugins/com.st.stm32cube.ide.mcu.externaltools.gnu-tools-for-stm32.10.3-2021.10.win32_1.0.0.202111181127/tools/bin/../lib/gcc/arm-none-eabi/10.3.1/thumb/v7-m/nofp/crtbegin.o
LOAD d:/st/stm32cubeide_1.7.0/stm32cubeide/plugins/com.st.stm32cube.ide.mcu.externaltools.gnu-tools-for-stm32.10.3-2021.10.win32_1.0.0.202111181127/tools/bin/../lib/gcc/arm-none-eabi/10.3.1/../../../../arm-none-eabi/lib/thumb/v7-m/nofp/crt0.o
LOAD ./Core/Src/7seg_manip.o
LOAD ./Core/Src/button_manip.o
LOAD ./Core/Src/component.o
LOAD ./Core/Src/gpio.o
LOAD ./Core/Src/main.o
LOAD ./Core/Src/mode.o
LOAD ./Core/Src/stim_manip.o
LOAD ./Core/Src/stm32f1xx_hal_msp.o
LOAD ./Core/Src/stm32f1xx_it.o
LOAD ./Core/Src/syscalls.o
LOAD ./Core/Src/sysmem.o
LOAD ./Core/Src/system_stm32f1xx.o
LOAD ./Core/Src/tim.o
LOAD ./Core/Src/traffic_manip.o
LOAD ./Core/Startup/startup_stm32f103c6tx.o
LOAD ./Drivers/STM32F1xx_HAL_Driver/Src/stm32f1xx_hal.o
LOAD ./Drivers/STM32F1xx_HAL_Driver/Src/stm32f1xx_hal_cortex.o
LOAD ./Drivers/STM32F1xx_HAL_Driver/Src/stm32f1xx_hal_dma.o
LOAD ./Drivers/STM32F1xx_HAL_Driver/Src/stm32f1xx_hal_exti.o
LOAD ./Drivers/STM32F1xx_HAL_Driver/Src/stm32f1xx_hal_flash.o
LOAD ./Drivers/STM32F1xx_HAL_Driver/Src/stm32f1xx_hal_flash_ex.o
LOAD ./Drivers/STM32F1xx_HAL_Driver/Src/stm32f1xx_hal_gpio.o
LOAD ./Drivers/STM32F1xx_HAL_Driver/Src/stm32f1xx_hal_gpio_ex.o
LOAD ./Drivers/STM32F1xx_HAL_Driver/Src/stm32f1xx_hal_pwr.o
LOAD ./Drivers/STM32F1xx_HAL_Driver/Src/stm32f1xx_hal_rcc.o
LOAD ./Drivers/STM32F1xx_HAL_Driver/Src/stm32f1xx_hal_rcc_ex.o
LOAD ./Drivers/STM32F1xx_HAL_Driver/Src/stm32f1xx_hal_tim.o
LOAD ./Drivers/STM32F1xx_HAL_Driver/Src/stm32f1xx_hal_tim_ex.o
START GROUP
LOAD d:/st/stm32cubeide_1.7.0/stm32cubeide/plugins/com.st.stm32cube.ide.mcu.externaltools.gnu-tools-for-stm32.10.3-2021.10.win32_1.0.0.202111181127/tools/bin/../lib/gcc/arm-none-eabi/10.3.1/../../../../arm-none-eabi/lib/thumb/v7-m/nofp\libc_nano.a
LOAD d:/st/stm32cubeide_1.7.0/stm32cubeide/plugins/com.st.stm32cube.ide.mcu.externaltools.gnu-tools-for-stm32.10.3-2021.10.win32_1.0.0.202111181127/tools/bin/../lib/gcc/arm-none-eabi/10.3.1/../../../../arm-none-eabi/lib/thumb/v7-m/nofp\libm.a
END GROUP
START GROUP
LOAD d:/st/stm32cubeide_1.7.0/stm32cubeide/plugins/com.st.stm32cube.ide.mcu.externaltools.gnu-tools-for-stm32.10.3-2021.10.win32_1.0.0.202111181127/tools/bin/../lib/gcc/arm-none-eabi/10.3.1/thumb/v7-m/nofp\libgcc.a
LOAD d:/st/stm32cubeide_1.7.0/stm32cubeide/plugins/com.st.stm32cube.ide.mcu.externaltools.gnu-tools-for-stm32.10.3-2021.10.win32_1.0.0.202111181127/tools/bin/../lib/gcc/arm-none-eabi/10.3.1/../../../../arm-none-eabi/lib/thumb/v7-m/nofp\libc_nano.a
END GROUP
START GROUP
LOAD d:/st/stm32cubeide_1.7.0/stm32cubeide/plugins/com.st.stm32cube.ide.mcu.externaltools.gnu-tools-for-stm32.10.3-2021.10.win32_1.0.0.202111181127/tools/bin/../lib/gcc/arm-none-eabi/10.3.1/thumb/v7-m/nofp\libgcc.a
LOAD d:/st/stm32cubeide_1.7.0/stm32cubeide/plugins/com.st.stm32cube.ide.mcu.externaltools.gnu-tools-for-stm32.10.3-2021.10.win32_1.0.0.202111181127/tools/bin/../lib/gcc/arm-none-eabi/10.3.1/../../../../arm-none-eabi/lib/thumb/v7-m/nofp\libc_nano.a
LOAD d:/st/stm32cubeide_1.7.0/stm32cubeide/plugins/com.st.stm32cube.ide.mcu.externaltools.gnu-tools-for-stm32.10.3-2021.10.win32_1.0.0.202111181127/tools/bin/../lib/gcc/arm-none-eabi/10.3.1/../../../../arm-none-eabi/lib/thumb/v7-m/nofp\libnosys.a
END GROUP
START GROUP
LOAD d:/st/stm32cubeide_1.7.0/stm32cubeide/plugins/com.st.stm32cube.ide.mcu.externaltools.gnu-tools-for-stm32.10.3-2021.10.win32_1.0.0.202111181127/tools/bin/../lib/gcc/arm-none-eabi/10.3.1/thumb/v7-m/nofp\libgcc.a
LOAD d:/st/stm32cubeide_1.7.0/stm32cubeide/plugins/com.st.stm32cube.ide.mcu.externaltools.gnu-tools-for-stm32.10.3-2021.10.win32_1.0.0.202111181127/tools/bin/../lib/gcc/arm-none-eabi/10.3.1/../../../../arm-none-eabi/lib/thumb/v7-m/nofp\libc_nano.a
LOAD d:/st/stm32cubeide_1.7.0/stm32cubeide/plugins/com.st.stm32cube.ide.mcu.externaltools.gnu-tools-for-stm32.10.3-2021.10.win32_1.0.0.202111181127/tools/bin/../lib/gcc/arm-none-eabi/10.3.1/../../../../arm-none-eabi/lib/thumb/v7-m/nofp\libnosys.a
END GROUP
LOAD d:/st/stm32cubeide_1.7.0/stm32cubeide/plugins/com.st.stm32cube.ide.mcu.externaltools.gnu-tools-for-stm32.10.3-2021.10.win32_1.0.0.202111181127/tools/bin/../lib/gcc/arm-none-eabi/10.3.1/thumb/v7-m/nofp/crtend.o
LOAD d:/st/stm32cubeide_1.7.0/stm32cubeide/plugins/com.st.stm32cube.ide.mcu.externaltools.gnu-tools-for-stm32.10.3-2021.10.win32_1.0.0.202111181127/tools/bin/../lib/gcc/arm-none-eabi/10.3.1/thumb/v7-m/nofp/crtn.o
                0x0000000020002800                _estack = (ORIGIN (RAM) + LENGTH (RAM))
                0x0000000000000200                _Min_Heap_Size = 0x200
                0x0000000000000400                _Min_Stack_Size = 0x400

.isr_vector     0x0000000008000000      0x10c
                0x0000000008000000                . = ALIGN (0x4)
 *(.isr_vector)
 .isr_vector    0x0000000008000000      0x10c ./Core/Startup/startup_stm32f103c6tx.o
                0x0000000008000000                g_pfnVectors
                0x000000000800010c                . = ALIGN (0x4)

.text           0x000000000800010c     0x32cc
                0x000000000800010c                . = ALIGN (0x4)
 *(.text)
 .text          0x000000000800010c       0x40 d:/st/stm32cubeide_1.7.0/stm32cubeide/plugins/com.st.stm32cube.ide.mcu.externaltools.gnu-tools-for-stm32.10.3-2021.10.win32_1.0.0.202111181127/tools/bin/../lib/gcc/arm-none-eabi/10.3.1/thumb/v7-m/nofp/crtbegin.o
 *(.text*)
 .text.Intersection_7SEG_Init
                0x000000000800014c       0xac ./Core/Src/7seg_manip.o
                0x000000000800014c                Intersection_7SEG_Init
 .text.Segment_To_Buffer
                0x00000000080001f8       0xac ./Core/Src/7seg_manip.o
                0x00000000080001f8                Segment_To_Buffer
 .text.Intersection_7SEG_Display
                0x00000000080002a4       0xac ./Core/Src/7seg_manip.o
                0x00000000080002a4                Intersection_7SEG_Display
 .text.Traffic_Button_Init
                0x0000000008000350       0x60 ./Core/Src/button_manip.o
                0x0000000008000350                Traffic_Button_Init
 .text.Button_Scan
                0x00000000080003b0       0x40 ./Core/Src/button_manip.o
                0x00000000080003b0                Button_Scan
 .text.STIM_Init
                0x00000000080003f0       0x54 ./Core/Src/component.o
                0x00000000080003f0                STIM_Init
 .text.STIM_Set_Default
                0x0000000008000444       0x2a ./Core/Src/component.o
                0x0000000008000444                STIM_Set_Default
 .text.STIM_Set_Manual
                0x000000000800046e       0x34 ./Core/Src/component.o
                0x000000000800046e                STIM_Set_Manual
 .text.STIM_Timer_Run
                0x00000000080004a2       0x34 ./Core/Src/component.o
                0x00000000080004a2                STIM_Timer_Run
 *fill*         0x00000000080004d6        0x2 
 .text.Led_Init
                0x00000000080004d8       0x60 ./Core/Src/component.o
                0x00000000080004d8                Led_Init
 .text.Led_Display
                0x0000000008000538       0x22 ./Core/Src/component.o
                0x0000000008000538                Led_Display
 .text.Led_Toggle
                0x000000000800055a       0x20 ./Core/Src/component.o
                0x000000000800055a                Led_Toggle
 .text.Led_On   0x000000000800057a       0x1c ./Core/Src/component.o
                0x000000000800057a                Led_On
 .text.Led_Off  0x0000000008000596       0x1c ./Core/Src/component.o
                0x0000000008000596                Led_Off
 *fill*         0x00000000080005b2        0x2 
 .text.Clock_Init
                0x00000000080005b4       0x70 ./Core/Src/component.o
                0x00000000080005b4                Clock_Init
 .text.Time_Modify
                0x0000000008000624       0x42 ./Core/Src/component.o
                0x0000000008000624                Time_Modify
 .text.Clock_Counter_Up
                0x0000000008000666       0x7e ./Core/Src/component.o
                0x0000000008000666                Clock_Counter_Up
 .text.Clock_Counter_Down
                0x00000000080006e4       0x8a ./Core/Src/component.o
                0x00000000080006e4                Clock_Counter_Down
 *fill*         0x000000000800076e        0x2 
 .text.Update_Clock_Buffer
                0x0000000008000770       0xc4 ./Core/Src/component.o
                0x0000000008000770                Update_Clock_Buffer
 .text.ENPin_Init
                0x0000000008000834       0x4c ./Core/Src/component.o
                0x0000000008000834                ENPin_Init
 .text.ENPin_On
                0x0000000008000880       0x28 ./Core/Src/component.o
                0x0000000008000880                ENPin_On
 .text.ENPin_Off
                0x00000000080008a8       0x28 ./Core/Src/component.o
                0x00000000080008a8                ENPin_Off
 .text.SevenSeg_Init
                0x00000000080008d0       0x80 ./Core/Src/component.o
                0x00000000080008d0                SevenSeg_Init
 .text.Seg_Display
                0x0000000008000950       0x46 ./Core/Src/component.o
                0x0000000008000950                Seg_Display
 *fill*         0x0000000008000996        0x2 
 .text.Number_Conversion
                0x0000000008000998       0x50 ./Core/Src/component.o
                0x0000000008000998                Number_Conversion
 .text.Button_Init
                0x00000000080009e8       0x6c ./Core/Src/component.o
                0x00000000080009e8                Button_Init
 .text.Stability_Check
                0x0000000008000a54       0x7c ./Core/Src/component.o
                0x0000000008000a54                Stability_Check
 .text.Tap_Mode
                0x0000000008000ad0       0x3e ./Core/Src/component.o
                0x0000000008000ad0                Tap_Mode
 .text.Hold_Mode
                0x0000000008000b0e       0x70 ./Core/Src/component.o
                0x0000000008000b0e                Hold_Mode
 *fill*         0x0000000008000b7e        0x2 
 .text.Traffic_Init
                0x0000000008000b80       0xc8 ./Core/Src/component.o
                0x0000000008000b80                Traffic_Init
 .text.Traffic_FSM
                0x0000000008000c48      0x164 ./Core/Src/component.o
                0x0000000008000c48                Traffic_FSM
 .text.All_Off  0x0000000008000dac       0x3a ./Core/Src/component.o
                0x0000000008000dac                All_Off
 .text.Only_Red
                0x0000000008000de6       0x3a ./Core/Src/component.o
                0x0000000008000de6                Only_Red
 .text.Only_Yellow
                0x0000000008000e20       0x3a ./Core/Src/component.o
                0x0000000008000e20                Only_Yellow
 .text.Only_Green
                0x0000000008000e5a       0x3a ./Core/Src/component.o
                0x0000000008000e5a                Only_Green
 .text.Toggle_Red
                0x0000000008000e94       0x3a ./Core/Src/component.o
                0x0000000008000e94                Toggle_Red
 .text.Toggle_Yellow
                0x0000000008000ece       0x3a ./Core/Src/component.o
                0x0000000008000ece                Toggle_Yellow
 .text.Toggle_Green
                0x0000000008000f08       0x3a ./Core/Src/component.o
                0x0000000008000f08                Toggle_Green
 *fill*         0x0000000008000f42        0x2 
 .text.MX_GPIO_Init
                0x0000000008000f44       0xc8 ./Core/Src/gpio.o
                0x0000000008000f44                MX_GPIO_Init
 .text.main     0x000000000800100c       0x70 ./Core/Src/main.o
                0x000000000800100c                main
 .text.SystemClock_Config
                0x000000000800107c       0x76 ./Core/Src/main.o
                0x000000000800107c                SystemClock_Config
 *fill*         0x00000000080010f2        0x2 
 .text.HAL_TIM_PeriodElapsedCallback
                0x00000000080010f4       0x50 ./Core/Src/main.o
                0x00000000080010f4                HAL_TIM_PeriodElapsedCallback
 .text.Error_Handler
                0x0000000008001144        0xa ./Core/Src/main.o
                0x0000000008001144                Error_Handler
 *fill*         0x000000000800114e        0x2 
 .text.ModeButton_Pressed
                0x0000000008001150       0x4c ./Core/Src/mode.o
                0x0000000008001150                ModeButton_Pressed
 .text.Delay_Flush
                0x000000000800119c       0x2c ./Core/Src/mode.o
                0x000000000800119c                Delay_Flush
 .text.LightTime_Modify
                0x00000000080011c8       0x54 ./Core/Src/mode.o
                0x00000000080011c8                LightTime_Modify
 .text.Mode_Processing
                0x000000000800121c      0x398 ./Core/Src/mode.o
                0x000000000800121c                Mode_Processing
 .text.Software_Timer_Init
                0x00000000080015b4       0x6c ./Core/Src/stim_manip.o
                0x00000000080015b4                Software_Timer_Init
 .text.Software_Timer_Run
                0x0000000008001620       0x40 ./Core/Src/stim_manip.o
                0x0000000008001620                Software_Timer_Run
 .text.HAL_MspInit
                0x0000000008001660       0x44 ./Core/Src/stm32f1xx_hal_msp.o
                0x0000000008001660                HAL_MspInit
 .text.NMI_Handler
                0x00000000080016a4        0x6 ./Core/Src/stm32f1xx_it.o
                0x00000000080016a4                NMI_Handler
 .text.HardFault_Handler
                0x00000000080016aa        0x6 ./Core/Src/stm32f1xx_it.o
                0x00000000080016aa                HardFault_Handler
 .text.MemManage_Handler
                0x00000000080016b0        0x6 ./Core/Src/stm32f1xx_it.o
                0x00000000080016b0                MemManage_Handler
 .text.BusFault_Handler
                0x00000000080016b6        0x6 ./Core/Src/stm32f1xx_it.o
                0x00000000080016b6                BusFault_Handler
 .text.UsageFault_Handler
                0x00000000080016bc        0x6 ./Core/Src/stm32f1xx_it.o
                0x00000000080016bc                UsageFault_Handler
 .text.SVC_Handler
                0x00000000080016c2        0xc ./Core/Src/stm32f1xx_it.o
                0x00000000080016c2                SVC_Handler
 .text.DebugMon_Handler
                0x00000000080016ce        0xc ./Core/Src/stm32f1xx_it.o
                0x00000000080016ce                DebugMon_Handler
 .text.PendSV_Handler
                0x00000000080016da        0xc ./Core/Src/stm32f1xx_it.o
                0x00000000080016da                PendSV_Handler
 .text.SysTick_Handler
                0x00000000080016e6        0xc ./Core/Src/stm32f1xx_it.o
                0x00000000080016e6                SysTick_Handler
 *fill*         0x00000000080016f2        0x2 
 .text.TIM2_IRQHandler
                0x00000000080016f4       0x14 ./Core/Src/stm32f1xx_it.o
                0x00000000080016f4                TIM2_IRQHandler
 .text._sbrk    0x0000000008001708       0x6c ./Core/Src/sysmem.o
                0x0000000008001708                _sbrk
 .text.SystemInit
                0x0000000008001774        0xc ./Core/Src/system_stm32f1xx.o
                0x0000000008001774                SystemInit
 .text.MX_TIM2_Init
                0x0000000008001780       0x98 ./Core/Src/tim.o
                0x0000000008001780                MX_TIM2_Init
 .text.HAL_TIM_Base_MspInit
                0x0000000008001818       0x48 ./Core/Src/tim.o
                0x0000000008001818                HAL_TIM_Base_MspInit
 .text.Sub_Road
                0x0000000008001860       0x4c ./Core/Src/traffic_manip.o
                0x0000000008001860                Sub_Road
 .text.Main_Road
                0x00000000080018ac       0x4c ./Core/Src/traffic_manip.o
                0x00000000080018ac                Main_Road
 .text.Intersection_Init
                0x00000000080018f8       0xf0 ./Core/Src/traffic_manip.o
                0x00000000080018f8                Intersection_Init
 .text.Vertical_Normal_Mode
                0x00000000080019e8       0xd0 ./Core/Src/traffic_manip.o
                0x00000000080019e8                Vertical_Normal_Mode
 .text.Horizontal_Normal_Mode
                0x0000000008001ab8       0xd4 ./Core/Src/traffic_manip.o
                0x0000000008001ab8                Horizontal_Normal_Mode
 .text.Intersection_Normal_Mode
                0x0000000008001b8c       0x10 ./Core/Src/traffic_manip.o
                0x0000000008001b8c                Intersection_Normal_Mode
 .text.Reset_Handler
                0x0000000008001b9c       0x48 ./Core/Startup/startup_stm32f103c6tx.o
                0x0000000008001b9c                Reset_Handler
 .text.Default_Handler
                0x0000000008001be4        0x2 ./Core/Startup/startup_stm32f103c6tx.o
                0x0000000008001be4                RTC_Alarm_IRQHandler
                0x0000000008001be4                EXTI2_IRQHandler
                0x0000000008001be4                TIM1_CC_IRQHandler
                0x0000000008001be4                PVD_IRQHandler
                0x0000000008001be4                EXTI3_IRQHandler
                0x0000000008001be4                EXTI0_IRQHandler
                0x0000000008001be4                ADC1_2_IRQHandler
                0x0000000008001be4                SPI1_IRQHandler
                0x0000000008001be4                TAMPER_IRQHandler
                0x0000000008001be4                DMA1_Channel4_IRQHandler
                0x0000000008001be4                RTC_IRQHandler
                0x0000000008001be4                DMA1_Channel7_IRQHandler
                0x0000000008001be4                CAN1_RX1_IRQHandler
                0x0000000008001be4                I2C1_EV_IRQHandler
                0x0000000008001be4                DMA1_Channel6_IRQHandler
                0x0000000008001be4                TIM3_IRQHandler
                0x0000000008001be4                RCC_IRQHandler
                0x0000000008001be4                TIM1_TRG_COM_IRQHandler
                0x0000000008001be4                DMA1_Channel1_IRQHandler
                0x0000000008001be4                Default_Handler
                0x0000000008001be4                EXTI15_10_IRQHandler
                0x0000000008001be4                EXTI9_5_IRQHandler
                0x0000000008001be4                DMA1_Channel5_IRQHandler
                0x0000000008001be4                EXTI4_IRQHandler
                0x0000000008001be4                USB_LP_CAN1_RX0_IRQHandler
                0x0000000008001be4                USB_HP_CAN1_TX_IRQHandler
                0x0000000008001be4                DMA1_Channel3_IRQHandler
                0x0000000008001be4                TIM1_UP_IRQHandler
                0x0000000008001be4                WWDG_IRQHandler
                0x0000000008001be4                TIM1_BRK_IRQHandler
                0x0000000008001be4                EXTI1_IRQHandler
                0x0000000008001be4                USART2_IRQHandler
                0x0000000008001be4                DMA1_Channel2_IRQHandler
                0x0000000008001be4                CAN1_SCE_IRQHandler
                0x0000000008001be4                FLASH_IRQHandler
                0x0000000008001be4                USART1_IRQHandler
                0x0000000008001be4                I2C1_ER_IRQHandler
                0x0000000008001be4                USBWakeUp_IRQHandler
 *fill*         0x0000000008001be6        0x2 
 .text.HAL_Init
                0x0000000008001be8       0x2c ./Drivers/STM32F1xx_HAL_Driver/Src/stm32f1xx_hal.o
                0x0000000008001be8                HAL_Init
 .text.HAL_InitTick
                0x0000000008001c14       0x60 ./Drivers/STM32F1xx_HAL_Driver/Src/stm32f1xx_hal.o
                0x0000000008001c14                HAL_InitTick
 .text.HAL_IncTick
                0x0000000008001c74       0x24 ./Drivers/STM32F1xx_HAL_Driver/Src/stm32f1xx_hal.o
                0x0000000008001c74                HAL_IncTick
 .text.HAL_GetTick
                0x0000000008001c98       0x14 ./Drivers/STM32F1xx_HAL_Driver/Src/stm32f1xx_hal.o
                0x0000000008001c98                HAL_GetTick
 .text.__NVIC_SetPriorityGrouping
                0x0000000008001cac       0x48 ./Drivers/STM32F1xx_HAL_Driver/Src/stm32f1xx_hal_cortex.o
 .text.__NVIC_GetPriorityGrouping
                0x0000000008001cf4       0x1c ./Drivers/STM32F1xx_HAL_Driver/Src/stm32f1xx_hal_cortex.o
 .text.__NVIC_EnableIRQ
                0x0000000008001d10       0x38 ./Drivers/STM32F1xx_HAL_Driver/Src/stm32f1xx_hal_cortex.o
 .text.__NVIC_SetPriority
                0x0000000008001d48       0x54 ./Drivers/STM32F1xx_HAL_Driver/Src/stm32f1xx_hal_cortex.o
 .text.NVIC_EncodePriority
                0x0000000008001d9c       0x64 ./Drivers/STM32F1xx_HAL_Driver/Src/stm32f1xx_hal_cortex.o
 .text.SysTick_Config
                0x0000000008001e00       0x44 ./Drivers/STM32F1xx_HAL_Driver/Src/stm32f1xx_hal_cortex.o
 .text.HAL_NVIC_SetPriorityGrouping
                0x0000000008001e44       0x16 ./Drivers/STM32F1xx_HAL_Driver/Src/stm32f1xx_hal_cortex.o
                0x0000000008001e44                HAL_NVIC_SetPriorityGrouping
 .text.HAL_NVIC_SetPriority
                0x0000000008001e5a       0x38 ./Drivers/STM32F1xx_HAL_Driver/Src/stm32f1xx_hal_cortex.o
                0x0000000008001e5a                HAL_NVIC_SetPriority
 .text.HAL_NVIC_EnableIRQ
                0x0000000008001e92       0x1c ./Drivers/STM32F1xx_HAL_Driver/Src/stm32f1xx_hal_cortex.o
                0x0000000008001e92                HAL_NVIC_EnableIRQ
 .text.HAL_SYSTICK_Config
                0x0000000008001eae       0x18 ./Drivers/STM32F1xx_HAL_Driver/Src/stm32f1xx_hal_cortex.o
                0x0000000008001eae                HAL_SYSTICK_Config
 *fill*         0x0000000008001ec6        0x2 
 .text.HAL_GPIO_Init
                0x0000000008001ec8      0x2f8 ./Drivers/STM32F1xx_HAL_Driver/Src/stm32f1xx_hal_gpio.o
                0x0000000008001ec8                HAL_GPIO_Init
 .text.HAL_GPIO_ReadPin
                0x00000000080021c0       0x2e ./Drivers/STM32F1xx_HAL_Driver/Src/stm32f1xx_hal_gpio.o
                0x00000000080021c0                HAL_GPIO_ReadPin
 .text.HAL_GPIO_WritePin
                0x00000000080021ee       0x30 ./Drivers/STM32F1xx_HAL_Driver/Src/stm32f1xx_hal_gpio.o
                0x00000000080021ee                HAL_GPIO_WritePin
 .text.HAL_GPIO_TogglePin
                0x000000000800221e       0x32 ./Drivers/STM32F1xx_HAL_Driver/Src/stm32f1xx_hal_gpio.o
                0x000000000800221e                HAL_GPIO_TogglePin
 .text.HAL_RCC_OscConfig
                0x0000000008002250      0x504 ./Drivers/STM32F1xx_HAL_Driver/Src/stm32f1xx_hal_rcc.o
                0x0000000008002250                HAL_RCC_OscConfig
 .text.HAL_RCC_ClockConfig
                0x0000000008002754      0x1d4 ./Drivers/STM32F1xx_HAL_Driver/Src/stm32f1xx_hal_rcc.o
                0x0000000008002754                HAL_RCC_ClockConfig
 .text.HAL_RCC_GetSysClockFreq
                0x0000000008002928       0xbc ./Drivers/STM32F1xx_HAL_Driver/Src/stm32f1xx_hal_rcc.o
                0x0000000008002928                HAL_RCC_GetSysClockFreq
 .text.RCC_Delay
                0x00000000080029e4       0x3c ./Drivers/STM32F1xx_HAL_Driver/Src/stm32f1xx_hal_rcc.o
 .text.HAL_TIM_Base_Init
                0x0000000008002a20       0x9e ./Drivers/STM32F1xx_HAL_Driver/Src/stm32f1xx_hal_tim.o
                0x0000000008002a20                HAL_TIM_Base_Init
 *fill*         0x0000000008002abe        0x2 
 .text.HAL_TIM_Base_Start_IT
                0x0000000008002ac0       0x98 ./Drivers/STM32F1xx_HAL_Driver/Src/stm32f1xx_hal_tim.o
                0x0000000008002ac0                HAL_TIM_Base_Start_IT
 .text.HAL_TIM_IRQHandler
                0x0000000008002b58      0x210 ./Drivers/STM32F1xx_HAL_Driver/Src/stm32f1xx_hal_tim.o
                0x0000000008002b58                HAL_TIM_IRQHandler
 .text.HAL_TIM_ConfigClockSource
                0x0000000008002d68      0x188 ./Drivers/STM32F1xx_HAL_Driver/Src/stm32f1xx_hal_tim.o
                0x0000000008002d68                HAL_TIM_ConfigClockSource
 .text.HAL_TIM_OC_DelayElapsedCallback
                0x0000000008002ef0       0x12 ./Drivers/STM32F1xx_HAL_Driver/Src/stm32f1xx_hal_tim.o
                0x0000000008002ef0                HAL_TIM_OC_DelayElapsedCallback
 .text.HAL_TIM_IC_CaptureCallback
                0x0000000008002f02       0x12 ./Drivers/STM32F1xx_HAL_Driver/Src/stm32f1xx_hal_tim.o
                0x0000000008002f02                HAL_TIM_IC_CaptureCallback
 .text.HAL_TIM_PWM_PulseFinishedCallback
                0x0000000008002f14       0x12 ./Drivers/STM32F1xx_HAL_Driver/Src/stm32f1xx_hal_tim.o
                0x0000000008002f14                HAL_TIM_PWM_PulseFinishedCallback
 .text.HAL_TIM_TriggerCallback
                0x0000000008002f26       0x12 ./Drivers/STM32F1xx_HAL_Driver/Src/stm32f1xx_hal_tim.o
                0x0000000008002f26                HAL_TIM_TriggerCallback
 .text.TIM_Base_SetConfig
                0x0000000008002f38       0xb0 ./Drivers/STM32F1xx_HAL_Driver/Src/stm32f1xx_hal_tim.o
                0x0000000008002f38                TIM_Base_SetConfig
 .text.TIM_TI1_ConfigInputStage
                0x0000000008002fe8       0x5c ./Drivers/STM32F1xx_HAL_Driver/Src/stm32f1xx_hal_tim.o
 .text.TIM_TI2_ConfigInputStage
                0x0000000008003044       0x5e ./Drivers/STM32F1xx_HAL_Driver/Src/stm32f1xx_hal_tim.o
 .text.TIM_ITRx_SetConfig
                0x00000000080030a2       0x34 ./Drivers/STM32F1xx_HAL_Driver/Src/stm32f1xx_hal_tim.o
 .text.TIM_ETR_SetConfig
                0x00000000080030d6       0x3e ./Drivers/STM32F1xx_HAL_Driver/Src/stm32f1xx_hal_tim.o
                0x00000000080030d6                TIM_ETR_SetConfig
 .text.HAL_TIMEx_MasterConfigSynchronization
                0x0000000008003114       0xb0 ./Drivers/STM32F1xx_HAL_Driver/Src/stm32f1xx_hal_tim_ex.o
                0x0000000008003114                HAL_TIMEx_MasterConfigSynchronization
 .text.HAL_TIMEx_CommutCallback
                0x00000000080031c4       0x12 ./Drivers/STM32F1xx_HAL_Driver/Src/stm32f1xx_hal_tim_ex.o
                0x00000000080031c4                HAL_TIMEx_CommutCallback
 .text.HAL_TIMEx_BreakCallback
                0x00000000080031d6       0x12 ./Drivers/STM32F1xx_HAL_Driver/Src/stm32f1xx_hal_tim_ex.o
                0x00000000080031d6                HAL_TIMEx_BreakCallback
 .text.__errno  0x00000000080031e8        0xc d:/st/stm32cubeide_1.7.0/stm32cubeide/plugins/com.st.stm32cube.ide.mcu.externaltools.gnu-tools-for-stm32.10.3-2021.10.win32_1.0.0.202111181127/tools/bin/../lib/gcc/arm-none-eabi/10.3.1/../../../../arm-none-eabi/lib/thumb/v7-m/nofp\libc_nano.a(lib_a-errno.o)
                0x00000000080031e8                __errno
 .text.__libc_init_array
                0x00000000080031f4       0x48 d:/st/stm32cubeide_1.7.0/stm32cubeide/plugins/com.st.stm32cube.ide.mcu.externaltools.gnu-tools-for-stm32.10.3-2021.10.win32_1.0.0.202111181127/tools/bin/../lib/gcc/arm-none-eabi/10.3.1/../../../../arm-none-eabi/lib/thumb/v7-m/nofp\libc_nano.a(lib_a-init.o)
                0x00000000080031f4                __libc_init_array
 .text.malloc   0x000000000800323c       0x10 d:/st/stm32cubeide_1.7.0/stm32cubeide/plugins/com.st.stm32cube.ide.mcu.externaltools.gnu-tools-for-stm32.10.3-2021.10.win32_1.0.0.202111181127/tools/bin/../lib/gcc/arm-none-eabi/10.3.1/../../../../arm-none-eabi/lib/thumb/v7-m/nofp\libc_nano.a(lib_a-malloc.o)
                0x000000000800323c                malloc
 .text.memset   0x000000000800324c       0x10 d:/st/stm32cubeide_1.7.0/stm32cubeide/plugins/com.st.stm32cube.ide.mcu.externaltools.gnu-tools-for-stm32.10.3-2021.10.win32_1.0.0.202111181127/tools/bin/../lib/gcc/arm-none-eabi/10.3.1/../../../../arm-none-eabi/lib/thumb/v7-m/nofp\libc_nano.a(lib_a-memset.o)
                0x000000000800324c                memset
 .text.sbrk_aligned
                0x000000000800325c       0x40 d:/st/stm32cubeide_1.7.0/stm32cubeide/plugins/com.st.stm32cube.ide.mcu.externaltools.gnu-tools-for-stm32.10.3-2021.10.win32_1.0.0.202111181127/tools/bin/../lib/gcc/arm-none-eabi/10.3.1/../../../../arm-none-eabi/lib/thumb/v7-m/nofp\libc_nano.a(lib_a-nano-mallocr.o)
 .text._malloc_r
                0x000000000800329c       0xe8 d:/st/stm32cubeide_1.7.0/stm32cubeide/plugins/com.st.stm32cube.ide.mcu.externaltools.gnu-tools-for-stm32.10.3-2021.10.win32_1.0.0.202111181127/tools/bin/../lib/gcc/arm-none-eabi/10.3.1/../../../../arm-none-eabi/lib/thumb/v7-m/nofp\libc_nano.a(lib_a-nano-mallocr.o)
                0x000000000800329c                _malloc_r
 .text._sbrk_r  0x0000000008003384       0x20 d:/st/stm32cubeide_1.7.0/stm32cubeide/plugins/com.st.stm32cube.ide.mcu.externaltools.gnu-tools-for-stm32.10.3-2021.10.win32_1.0.0.202111181127/tools/bin/../lib/gcc/arm-none-eabi/10.3.1/../../../../arm-none-eabi/lib/thumb/v7-m/nofp\libc_nano.a(lib_a-sbrkr.o)
                0x0000000008003384                _sbrk_r
 .text.__malloc_lock
                0x00000000080033a4        0xc d:/st/stm32cubeide_1.7.0/stm32cubeide/plugins/com.st.stm32cube.ide.mcu.externaltools.gnu-tools-for-stm32.10.3-2021.10.win32_1.0.0.202111181127/tools/bin/../lib/gcc/arm-none-eabi/10.3.1/../../../../arm-none-eabi/lib/thumb/v7-m/nofp\libc_nano.a(lib_a-mlock.o)
                0x00000000080033a4                __malloc_lock
 .text.__malloc_unlock
                0x00000000080033b0        0xc d:/st/stm32cubeide_1.7.0/stm32cubeide/plugins/com.st.stm32cube.ide.mcu.externaltools.gnu-tools-for-stm32.10.3-2021.10.win32_1.0.0.202111181127/tools/bin/../lib/gcc/arm-none-eabi/10.3.1/../../../../arm-none-eabi/lib/thumb/v7-m/nofp\libc_nano.a(lib_a-mlock.o)
                0x00000000080033b0                __malloc_unlock
 .text.__retarget_lock_acquire_recursive
                0x00000000080033bc        0x2 d:/st/stm32cubeide_1.7.0/stm32cubeide/plugins/com.st.stm32cube.ide.mcu.externaltools.gnu-tools-for-stm32.10.3-2021.10.win32_1.0.0.202111181127/tools/bin/../lib/gcc/arm-none-eabi/10.3.1/../../../../arm-none-eabi/lib/thumb/v7-m/nofp\libc_nano.a(lib_a-lock.o)
                0x00000000080033bc                __retarget_lock_acquire_recursive
 .text.__retarget_lock_release_recursive
                0x00000000080033be        0x2 d:/st/stm32cubeide_1.7.0/stm32cubeide/plugins/com.st.stm32cube.ide.mcu.externaltools.gnu-tools-for-stm32.10.3-2021.10.win32_1.0.0.202111181127/tools/bin/../lib/gcc/arm-none-eabi/10.3.1/../../../../arm-none-eabi/lib/thumb/v7-m/nofp\libc_nano.a(lib_a-lock.o)
                0x00000000080033be                __retarget_lock_release_recursive
 *(.glue_7)
 .glue_7        0x00000000080033c0        0x0 linker stubs
 *(.glue_7t)
 .glue_7t       0x00000000080033c0        0x0 linker stubs
 *(.eh_frame)
 .eh_frame      0x00000000080033c0        0x0 d:/st/stm32cubeide_1.7.0/stm32cubeide/plugins/com.st.stm32cube.ide.mcu.externaltools.gnu-tools-for-stm32.10.3-2021.10.win32_1.0.0.202111181127/tools/bin/../lib/gcc/arm-none-eabi/10.3.1/thumb/v7-m/nofp/crtbegin.o
 *(.init)
 .init          0x00000000080033c0        0x4 d:/st/stm32cubeide_1.7.0/stm32cubeide/plugins/com.st.stm32cube.ide.mcu.externaltools.gnu-tools-for-stm32.10.3-2021.10.win32_1.0.0.202111181127/tools/bin/../lib/gcc/arm-none-eabi/10.3.1/thumb/v7-m/nofp/crti.o
                0x00000000080033c0                _init
 .init          0x00000000080033c4        0x8 d:/st/stm32cubeide_1.7.0/stm32cubeide/plugins/com.st.stm32cube.ide.mcu.externaltools.gnu-tools-for-stm32.10.3-2021.10.win32_1.0.0.202111181127/tools/bin/../lib/gcc/arm-none-eabi/10.3.1/thumb/v7-m/nofp/crtn.o
 *(.fini)
 .fini          0x00000000080033cc        0x4 d:/st/stm32cubeide_1.7.0/stm32cubeide/plugins/com.st.stm32cube.ide.mcu.externaltools.gnu-tools-for-stm32.10.3-2021.10.win32_1.0.0.202111181127/tools/bin/../lib/gcc/arm-none-eabi/10.3.1/thumb/v7-m/nofp/crti.o
                0x00000000080033cc                _fini
 .fini          0x00000000080033d0        0x8 d:/st/stm32cubeide_1.7.0/stm32cubeide/plugins/com.st.stm32cube.ide.mcu.externaltools.gnu-tools-for-stm32.10.3-2021.10.win32_1.0.0.202111181127/tools/bin/../lib/gcc/arm-none-eabi/10.3.1/thumb/v7-m/nofp/crtn.o
                0x00000000080033d8                . = ALIGN (0x4)
                0x00000000080033d8                _etext = .

.vfp11_veneer   0x00000000080033d8        0x0
 .vfp11_veneer  0x00000000080033d8        0x0 linker stubs

.v4_bx          0x00000000080033d8        0x0
 .v4_bx         0x00000000080033d8        0x0 linker stubs

.iplt           0x00000000080033d8        0x0
 .iplt          0x00000000080033d8        0x0 d:/st/stm32cubeide_1.7.0/stm32cubeide/plugins/com.st.stm32cube.ide.mcu.externaltools.gnu-tools-for-stm32.10.3-2021.10.win32_1.0.0.202111181127/tools/bin/../lib/gcc/arm-none-eabi/10.3.1/thumb/v7-m/nofp/crtbegin.o

.rodata         0x00000000080033d8       0x20
                0x00000000080033d8                . = ALIGN (0x4)
 *(.rodata)
 .rodata        0x00000000080033d8       0x10 ./Drivers/STM32F1xx_HAL_Driver/Src/stm32f1xx_hal_rcc.o
 *(.rodata*)
 .rodata.AHBPrescTable
                0x00000000080033e8       0x10 ./Core/Src/system_stm32f1xx.o
                0x00000000080033e8                AHBPrescTable
                0x00000000080033f8                . = ALIGN (0x4)

.rel.dyn        0x00000000080033f8        0x0
 .rel.iplt      0x00000000080033f8        0x0 d:/st/stm32cubeide_1.7.0/stm32cubeide/plugins/com.st.stm32cube.ide.mcu.externaltools.gnu-tools-for-stm32.10.3-2021.10.win32_1.0.0.202111181127/tools/bin/../lib/gcc/arm-none-eabi/10.3.1/thumb/v7-m/nofp/crtbegin.o

.ARM.extab      0x00000000080033f8        0x0
                0x00000000080033f8                . = ALIGN (0x4)
 *(.ARM.extab* .gnu.linkonce.armextab.*)
                0x00000000080033f8                . = ALIGN (0x4)

.ARM            0x00000000080033f8        0x0
                0x00000000080033f8                . = ALIGN (0x4)
                0x00000000080033f8                __exidx_start = .
 *(.ARM.exidx*)
                0x00000000080033f8                __exidx_end = .
                0x00000000080033f8                . = ALIGN (0x4)

.preinit_array  0x00000000080033f8        0x0
                0x00000000080033f8                . = ALIGN (0x4)
                0x00000000080033f8                PROVIDE (__preinit_array_start = .)
 *(.preinit_array*)
                0x00000000080033f8                PROVIDE (__preinit_array_end = .)
                0x00000000080033f8                . = ALIGN (0x4)

.init_array     0x00000000080033f8        0x4
                0x00000000080033f8                . = ALIGN (0x4)
                0x00000000080033f8                PROVIDE (__init_array_start = .)
 *(SORT_BY_NAME(.init_array.*))
 *(.init_array*)
 .init_array    0x00000000080033f8        0x4 d:/st/stm32cubeide_1.7.0/stm32cubeide/plugins/com.st.stm32cube.ide.mcu.externaltools.gnu-tools-for-stm32.10.3-2021.10.win32_1.0.0.202111181127/tools/bin/../lib/gcc/arm-none-eabi/10.3.1/thumb/v7-m/nofp/crtbegin.o
                0x00000000080033fc                PROVIDE (__init_array_end = .)
                0x00000000080033fc                . = ALIGN (0x4)

.fini_array     0x00000000080033fc        0x4
                0x00000000080033fc                . = ALIGN (0x4)
                [!provide]                        PROVIDE (__fini_array_start = .)
 *(SORT_BY_NAME(.fini_array.*))
 *(.fini_array*)
 .fini_array    0x00000000080033fc        0x4 d:/st/stm32cubeide_1.7.0/stm32cubeide/plugins/com.st.stm32cube.ide.mcu.externaltools.gnu-tools-for-stm32.10.3-2021.10.win32_1.0.0.202111181127/tools/bin/../lib/gcc/arm-none-eabi/10.3.1/thumb/v7-m/nofp/crtbegin.o
                [!provide]                        PROVIDE (__fini_array_end = .)
                0x0000000008003400                . = ALIGN (0x4)
                0x0000000008003400                _sidata = LOADADDR (.data)

.data           0x0000000020000000       0xfc load address 0x0000000008003400
                0x0000000020000000                . = ALIGN (0x4)
                0x0000000020000000                _sdata = .
 *(.data)
 *(.data*)
 .data.enPin    0x0000000020000000        0x8 ./Core/Src/7seg_manip.o
 .data.enPort   0x0000000020000008       0x10 ./Core/Src/7seg_manip.o
 .data.segmentPin
                0x0000000020000018        0xe ./Core/Src/7seg_manip.o
 *fill*         0x0000000020000026        0x2 
 .data.segmentPort
                0x0000000020000028       0x1c ./Core/Src/7seg_manip.o
 .data.buttonPin
                0x0000000020000044        0x6 ./Core/Src/button_manip.o
 *fill*         0x000000002000004a        0x2 
 .data.buttonPort
                0x000000002000004c        0xc ./Core/Src/button_manip.o
 .data.referCode
                0x0000000020000058        0xa ./Core/Src/component.o
 *fill*         0x0000000020000062        0x2 
 .data.SystemCoreClock
                0x0000000020000064        0x4 ./Core/Src/system_stm32f1xx.o
                0x0000000020000064                SystemCoreClock
 .data.vPin     0x0000000020000068        0x6 ./Core/Src/traffic_manip.o
                0x0000000020000068                vPin
 *fill*         0x000000002000006e        0x2 
 .data.hPin     0x0000000020000070        0x6 ./Core/Src/traffic_manip.o
                0x0000000020000070                hPin
 *fill*         0x0000000020000076        0x2 
 .data.vPort    0x0000000020000078        0xc ./Core/Src/traffic_manip.o
                0x0000000020000078                vPort
 .data.hPort    0x0000000020000084        0xc ./Core/Src/traffic_manip.o
                0x0000000020000084                hPort
 .data.uwTickPrio
                0x0000000020000090        0x4 ./Drivers/STM32F1xx_HAL_Driver/Src/stm32f1xx_hal.o
                0x0000000020000090                uwTickPrio
 .data.uwTickFreq
                0x0000000020000094        0x1 ./Drivers/STM32F1xx_HAL_Driver/Src/stm32f1xx_hal.o
                0x0000000020000094                uwTickFreq
 *fill*         0x0000000020000095        0x3 
 .data._impure_ptr
                0x0000000020000098        0x4 d:/st/stm32cubeide_1.7.0/stm32cubeide/plugins/com.st.stm32cube.ide.mcu.externaltools.gnu-tools-for-stm32.10.3-2021.10.win32_1.0.0.202111181127/tools/bin/../lib/gcc/arm-none-eabi/10.3.1/../../../../arm-none-eabi/lib/thumb/v7-m/nofp\libc_nano.a(lib_a-impure.o)
                0x0000000020000098                _impure_ptr
 .data.impure_data
                0x000000002000009c       0x60 d:/st/stm32cubeide_1.7.0/stm32cubeide/plugins/com.st.stm32cube.ide.mcu.externaltools.gnu-tools-for-stm32.10.3-2021.10.win32_1.0.0.202111181127/tools/bin/../lib/gcc/arm-none-eabi/10.3.1/../../../../arm-none-eabi/lib/thumb/v7-m/nofp\libc_nano.a(lib_a-impure.o)
 *(.RamFunc)
 *(.RamFunc*)
                0x00000000200000fc                . = ALIGN (0x4)
                0x00000000200000fc                _edata = .

.igot.plt       0x00000000200000fc        0x0 load address 0x00000000080034fc
 .igot.plt      0x00000000200000fc        0x0 d:/st/stm32cubeide_1.7.0/stm32cubeide/plugins/com.st.stm32cube.ide.mcu.externaltools.gnu-tools-for-stm32.10.3-2021.10.win32_1.0.0.202111181127/tools/bin/../lib/gcc/arm-none-eabi/10.3.1/thumb/v7-m/nofp/crtbegin.o
                0x00000000200000fc                . = ALIGN (0x4)

.bss            0x00000000200000fc       0xd4 load address 0x00000000080034fc
                0x00000000200000fc                _sbss = .
                0x00000000200000fc                __bss_start__ = _sbss
 *(.bss)
 .bss           0x00000000200000fc       0x1c d:/st/stm32cubeide_1.7.0/stm32cubeide/plugins/com.st.stm32cube.ide.mcu.externaltools.gnu-tools-for-stm32.10.3-2021.10.win32_1.0.0.202111181127/tools/bin/../lib/gcc/arm-none-eabi/10.3.1/thumb/v7-m/nofp/crtbegin.o
 *(.bss*)
 .bss.vBuffer   0x0000000020000118        0x2 ./Core/Src/7seg_manip.o
 *fill*         0x000000002000011a        0x2 
 .bss.hBuffer   0x000000002000011c        0x2 ./Core/Src/7seg_manip.o
 *fill*         0x000000002000011e        0x2 
 .bss.SevenSeg  0x0000000020000120       0x10 ./Core/Src/7seg_manip.o
                0x0000000020000120                SevenSeg
 .bss.counter.0
                0x0000000020000130        0x1 ./Core/Src/7seg_manip.o
 *fill*         0x0000000020000131        0x3 
 .bss.buttonMode
                0x0000000020000134        0x4 ./Core/Src/button_manip.o
                0x0000000020000134                buttonMode
 .bss.buttonTime
                0x0000000020000138        0x4 ./Core/Src/button_manip.o
                0x0000000020000138                buttonTime
 .bss.buttonSet
                0x000000002000013c        0x4 ./Core/Src/button_manip.o
                0x000000002000013c                buttonSet
 .bss.trafficMode
                0x0000000020000140        0x1 ./Core/Src/mode.o
                0x0000000020000140                trafficMode
 *fill*         0x0000000020000141        0x1 
 .bss.newRedTime
                0x0000000020000142        0x2 ./Core/Src/mode.o
 .bss.newYellowTime
                0x0000000020000144        0x2 ./Core/Src/mode.o
 .bss.newGreenTime
                0x0000000020000146        0x2 ./Core/Src/mode.o
 .bss.stim2     0x0000000020000148        0x4 ./Core/Src/stim_manip.o
                0x0000000020000148                stim2
 .bss.stim3     0x000000002000014c        0x4 ./Core/Src/stim_manip.o
                0x000000002000014c                stim3
 .bss.standardTime
                0x0000000020000150        0x4 ./Core/Src/stim_manip.o
                0x0000000020000150                standardTime
 .bss.__sbrk_heap_end
                0x0000000020000154        0x4 ./Core/Src/sysmem.o
 .bss.htim2     0x0000000020000158       0x48 ./Core/Src/tim.o
                0x0000000020000158                htim2
 .bss.hTrafficLight
                0x00000000200001a0        0x4 ./Core/Src/traffic_manip.o
                0x00000000200001a0                hTrafficLight
 .bss.vTrafficLight
                0x00000000200001a4        0x4 ./Core/Src/traffic_manip.o
                0x00000000200001a4                vTrafficLight
 .bss.vClock    0x00000000200001a8        0x4 ./Core/Src/traffic_manip.o
                0x00000000200001a8                vClock
 .bss.hClock    0x00000000200001ac        0x4 ./Core/Src/traffic_manip.o
                0x00000000200001ac                hClock
 .bss.V_YELLOW_TIME
                0x00000000200001b0        0x2 ./Core/Src/traffic_manip.o
                0x00000000200001b0                V_YELLOW_TIME
 .bss.V_RED_TIME
                0x00000000200001b2        0x2 ./Core/Src/traffic_manip.o
                0x00000000200001b2                V_RED_TIME
 .bss.V_GREEN_TIME
                0x00000000200001b4        0x2 ./Core/Src/traffic_manip.o
                0x00000000200001b4                V_GREEN_TIME
 .bss.H_YELLOW_TIME
                0x00000000200001b6        0x2 ./Core/Src/traffic_manip.o
                0x00000000200001b6                H_YELLOW_TIME
 .bss.H_RED_TIME
                0x00000000200001b8        0x2 ./Core/Src/traffic_manip.o
                0x00000000200001b8                H_RED_TIME
 .bss.H_GREEN_TIME
                0x00000000200001ba        0x2 ./Core/Src/traffic_manip.o
                0x00000000200001ba                H_GREEN_TIME
 .bss.uwTick    0x00000000200001bc        0x4 ./Drivers/STM32F1xx_HAL_Driver/Src/stm32f1xx_hal.o
                0x00000000200001bc                uwTick
 .bss.__malloc_free_list
                0x00000000200001c0        0x4 d:/st/stm32cubeide_1.7.0/stm32cubeide/plugins/com.st.stm32cube.ide.mcu.externaltools.gnu-tools-for-stm32.10.3-2021.10.win32_1.0.0.202111181127/tools/bin/../lib/gcc/arm-none-eabi/10.3.1/../../../../arm-none-eabi/lib/thumb/v7-m/nofp\libc_nano.a(lib_a-nano-mallocr.o)
                0x00000000200001c0                __malloc_free_list
 .bss.__malloc_sbrk_start
                0x00000000200001c4        0x4 d:/st/stm32cubeide_1.7.0/stm32cubeide/plugins/com.st.stm32cube.ide.mcu.externaltools.gnu-tools-for-stm32.10.3-2021.10.win32_1.0.0.202111181127/tools/bin/../lib/gcc/arm-none-eabi/10.3.1/../../../../arm-none-eabi/lib/thumb/v7-m/nofp\libc_nano.a(lib_a-nano-mallocr.o)
                0x00000000200001c4                __malloc_sbrk_start
 .bss.errno     0x00000000200001c8        0x4 d:/st/stm32cubeide_1.7.0/stm32cubeide/plugins/com.st.stm32cube.ide.mcu.externaltools.gnu-tools-for-stm32.10.3-2021.10.win32_1.0.0.202111181127/tools/bin/../lib/gcc/arm-none-eabi/10.3.1/../../../../arm-none-eabi/lib/thumb/v7-m/nofp\libc_nano.a(lib_a-reent.o)
                0x00000000200001c8                errno
 .bss.__lock___malloc_recursive_mutex
                0x00000000200001cc        0x1 d:/st/stm32cubeide_1.7.0/stm32cubeide/plugins/com.st.stm32cube.ide.mcu.externaltools.gnu-tools-for-stm32.10.3-2021.10.win32_1.0.0.202111181127/tools/bin/../lib/gcc/arm-none-eabi/10.3.1/../../../../arm-none-eabi/lib/thumb/v7-m/nofp\libc_nano.a(lib_a-lock.o)
                0x00000000200001cc                __lock___malloc_recursive_mutex
 *(COMMON)
                0x00000000200001d0                . = ALIGN (0x4)
 *fill*         0x00000000200001cd        0x3 
                0x00000000200001d0                _ebss = .
                0x00000000200001d0                __bss_end__ = _ebss

._user_heap_stack
                0x00000000200001d0      0x600 load address 0x00000000080034fc
                0x00000000200001d0                . = ALIGN (0x8)
                [!provide]                        PROVIDE (end = .)
                0x00000000200001d0                PROVIDE (_end = .)
                0x00000000200003d0                . = (. + _Min_Heap_Size)
 *fill*         0x00000000200001d0      0x200 
                0x00000000200007d0                . = (. + _Min_Stack_Size)
 *fill*         0x00000000200003d0      0x400 
                0x00000000200007d0                . = ALIGN (0x8)

/DISCARD/
 libc.a(*)
 libm.a(*)
 libgcc.a(*)

.ARM.attributes
                0x0000000000000000       0x29
 *(.ARM.attributes)
 .ARM.attributes
                0x0000000000000000       0x1d d:/st/stm32cubeide_1.7.0/stm32cubeide/plugins/com.st.stm32cube.ide.mcu.externaltools.gnu-tools-for-stm32.10.3-2021.10.win32_1.0.0.202111181127/tools/bin/../lib/gcc/arm-none-eabi/10.3.1/thumb/v7-m/nofp/crti.o
 .ARM.attributes
                0x000000000000001d       0x2d d:/st/stm32cubeide_1.7.0/stm32cubeide/plugins/com.st.stm32cube.ide.mcu.externaltools.gnu-tools-for-stm32.10.3-2021.10.win32_1.0.0.202111181127/tools/bin/../lib/gcc/arm-none-eabi/10.3.1/thumb/v7-m/nofp/crtbegin.o
 .ARM.attributes
                0x000000000000004a       0x2d ./Core/Src/7seg_manip.o
 .ARM.attributes
                0x0000000000000077       0x2d ./Core/Src/button_manip.o
 .ARM.attributes
                0x00000000000000a4       0x2d ./Core/Src/component.o
 .ARM.attributes
                0x00000000000000d1       0x2d ./Core/Src/gpio.o
 .ARM.attributes
                0x00000000000000fe       0x2d ./Core/Src/main.o
 .ARM.attributes
                0x000000000000012b       0x2d ./Core/Src/mode.o
 .ARM.attributes
                0x0000000000000158       0x2d ./Core/Src/stim_manip.o
 .ARM.attributes
                0x0000000000000185       0x2d ./Core/Src/stm32f1xx_hal_msp.o
 .ARM.attributes
                0x00000000000001b2       0x2d ./Core/Src/stm32f1xx_it.o
 .ARM.attributes
                0x00000000000001df       0x2d ./Core/Src/sysmem.o
 .ARM.attributes
                0x000000000000020c       0x2d ./Core/Src/system_stm32f1xx.o
 .ARM.attributes
                0x0000000000000239       0x2d ./Core/Src/tim.o
 .ARM.attributes
                0x0000000000000266       0x2d ./Core/Src/traffic_manip.o
 .ARM.attributes
                0x0000000000000293       0x21 ./Core/Startup/startup_stm32f103c6tx.o
 .ARM.attributes
                0x00000000000002b4       0x2d ./Drivers/STM32F1xx_HAL_Driver/Src/stm32f1xx_hal.o
 .ARM.attributes
                0x00000000000002e1       0x2d ./Drivers/STM32F1xx_HAL_Driver/Src/stm32f1xx_hal_cortex.o
 .ARM.attributes
                0x000000000000030e       0x2d ./Drivers/STM32F1xx_HAL_Driver/Src/stm32f1xx_hal_gpio.o
 .ARM.attributes
                0x000000000000033b       0x2d ./Drivers/STM32F1xx_HAL_Driver/Src/stm32f1xx_hal_rcc.o
 .ARM.attributes
                0x0000000000000368       0x2d ./Drivers/STM32F1xx_HAL_Driver/Src/stm32f1xx_hal_tim.o
 .ARM.attributes
                0x0000000000000395       0x2d ./Drivers/STM32F1xx_HAL_Driver/Src/stm32f1xx_hal_tim_ex.o
 .ARM.attributes
                0x00000000000003c2       0x2d d:/st/stm32cubeide_1.7.0/stm32cubeide/plugins/com.st.stm32cube.ide.mcu.externaltools.gnu-tools-for-stm32.10.3-2021.10.win32_1.0.0.202111181127/tools/bin/../lib/gcc/arm-none-eabi/10.3.1/../../../../arm-none-eabi/lib/thumb/v7-m/nofp\libc_nano.a(lib_a-errno.o)
 .ARM.attributes
                0x00000000000003ef       0x2d d:/st/stm32cubeide_1.7.0/stm32cubeide/plugins/com.st.stm32cube.ide.mcu.externaltools.gnu-tools-for-stm32.10.3-2021.10.win32_1.0.0.202111181127/tools/bin/../lib/gcc/arm-none-eabi/10.3.1/../../../../arm-none-eabi/lib/thumb/v7-m/nofp\libc_nano.a(lib_a-impure.o)
 .ARM.attributes
                0x000000000000041c       0x2d d:/st/stm32cubeide_1.7.0/stm32cubeide/plugins/com.st.stm32cube.ide.mcu.externaltools.gnu-tools-for-stm32.10.3-2021.10.win32_1.0.0.202111181127/tools/bin/../lib/gcc/arm-none-eabi/10.3.1/../../../../arm-none-eabi/lib/thumb/v7-m/nofp\libc_nano.a(lib_a-init.o)
 .ARM.attributes
                0x0000000000000449       0x2d d:/st/stm32cubeide_1.7.0/stm32cubeide/plugins/com.st.stm32cube.ide.mcu.externaltools.gnu-tools-for-stm32.10.3-2021.10.win32_1.0.0.202111181127/tools/bin/../lib/gcc/arm-none-eabi/10.3.1/../../../../arm-none-eabi/lib/thumb/v7-m/nofp\libc_nano.a(lib_a-malloc.o)
 .ARM.attributes
                0x0000000000000476       0x2d d:/st/stm32cubeide_1.7.0/stm32cubeide/plugins/com.st.stm32cube.ide.mcu.externaltools.gnu-tools-for-stm32.10.3-2021.10.win32_1.0.0.202111181127/tools/bin/../lib/gcc/arm-none-eabi/10.3.1/../../../../arm-none-eabi/lib/thumb/v7-m/nofp\libc_nano.a(lib_a-memset.o)
 .ARM.attributes
                0x00000000000004a3       0x2d d:/st/stm32cubeide_1.7.0/stm32cubeide/plugins/com.st.stm32cube.ide.mcu.externaltools.gnu-tools-for-stm32.10.3-2021.10.win32_1.0.0.202111181127/tools/bin/../lib/gcc/arm-none-eabi/10.3.1/../../../../arm-none-eabi/lib/thumb/v7-m/nofp\libc_nano.a(lib_a-nano-mallocr.o)
 .ARM.attributes
                0x00000000000004d0       0x2d d:/st/stm32cubeide_1.7.0/stm32cubeide/plugins/com.st.stm32cube.ide.mcu.externaltools.gnu-tools-for-stm32.10.3-2021.10.win32_1.0.0.202111181127/tools/bin/../lib/gcc/arm-none-eabi/10.3.1/../../../../arm-none-eabi/lib/thumb/v7-m/nofp\libc_nano.a(lib_a-sbrkr.o)
 .ARM.attributes
                0x00000000000004fd       0x2d d:/st/stm32cubeide_1.7.0/stm32cubeide/plugins/com.st.stm32cube.ide.mcu.externaltools.gnu-tools-for-stm32.10.3-2021.10.win32_1.0.0.202111181127/tools/bin/../lib/gcc/arm-none-eabi/10.3.1/../../../../arm-none-eabi/lib/thumb/v7-m/nofp\libc_nano.a(lib_a-mlock.o)
 .ARM.attributes
                0x000000000000052a       0x2d d:/st/stm32cubeide_1.7.0/stm32cubeide/plugins/com.st.stm32cube.ide.mcu.externaltools.gnu-tools-for-stm32.10.3-2021.10.win32_1.0.0.202111181127/tools/bin/../lib/gcc/arm-none-eabi/10.3.1/../../../../arm-none-eabi/lib/thumb/v7-m/nofp\libc_nano.a(lib_a-reent.o)
 .ARM.attributes
                0x0000000000000557       0x2d d:/st/stm32cubeide_1.7.0/stm32cubeide/plugins/com.st.stm32cube.ide.mcu.externaltools.gnu-tools-for-stm32.10.3-2021.10.win32_1.0.0.202111181127/tools/bin/../lib/gcc/arm-none-eabi/10.3.1/../../../../arm-none-eabi/lib/thumb/v7-m/nofp\libc_nano.a(lib_a-lock.o)
 .ARM.attributes
                0x0000000000000584       0x1d d:/st/stm32cubeide_1.7.0/stm32cubeide/plugins/com.st.stm32cube.ide.mcu.externaltools.gnu-tools-for-stm32.10.3-2021.10.win32_1.0.0.202111181127/tools/bin/../lib/gcc/arm-none-eabi/10.3.1/thumb/v7-m/nofp/crtn.o
OUTPUT(microPnC_lab3_all.elf elf32-littlearm)
LOAD linker stubs
LOAD d:/st/stm32cubeide_1.7.0/stm32cubeide/plugins/com.st.stm32cube.ide.mcu.externaltools.gnu-tools-for-stm32.10.3-2021.10.win32_1.0.0.202111181127/tools/bin/../lib/gcc/arm-none-eabi/10.3.1/../../../../arm-none-eabi/lib/thumb/v7-m/nofp\libc.a
LOAD d:/st/stm32cubeide_1.7.0/stm32cubeide/plugins/com.st.stm32cube.ide.mcu.externaltools.gnu-tools-for-stm32.10.3-2021.10.win32_1.0.0.202111181127/tools/bin/../lib/gcc/arm-none-eabi/10.3.1/../../../../arm-none-eabi/lib/thumb/v7-m/nofp\libm.a
LOAD d:/st/stm32cubeide_1.7.0/stm32cubeide/plugins/com.st.stm32cube.ide.mcu.externaltools.gnu-tools-for-stm32.10.3-2021.10.win32_1.0.0.202111181127/tools/bin/../lib/gcc/arm-none-eabi/10.3.1/thumb/v7-m/nofp\libgcc.a

.debug_info     0x0000000000000000     0xae70
 .debug_info    0x0000000000000000      0x55a ./Core/Src/7seg_manip.o
 .debug_info    0x000000000000055a      0x3a8 ./Core/Src/button_manip.o
 .debug_info    0x0000000000000902      0xee7 ./Core/Src/component.o
 .debug_info    0x00000000000017e9      0x2d1 ./Core/Src/gpio.o
 .debug_info    0x0000000000001aba      0xd1d ./Core/Src/main.o
 .debug_info    0x00000000000027d7      0x790 ./Core/Src/mode.o
 .debug_info    0x0000000000002f67      0x1e3 ./Core/Src/stim_manip.o
 .debug_info    0x000000000000314a      0x180 ./Core/Src/stm32f1xx_hal_msp.o
 .debug_info    0x00000000000032ca      0x6ea ./Core/Src/stm32f1xx_it.o
 .debug_info    0x00000000000039b4      0x171 ./Core/Src/sysmem.o
 .debug_info    0x0000000000003b25      0x23d ./Core/Src/system_stm32f1xx.o
 .debug_info    0x0000000000003d62      0x9e8 ./Core/Src/tim.o
 .debug_info    0x000000000000474a      0x786 ./Core/Src/traffic_manip.o
 .debug_info    0x0000000000004ed0       0x22 ./Core/Startup/startup_stm32f103c6tx.o
 .debug_info    0x0000000000004ef2      0x716 ./Drivers/STM32F1xx_HAL_Driver/Src/stm32f1xx_hal.o
 .debug_info    0x0000000000005608      0xb02 ./Drivers/STM32F1xx_HAL_Driver/Src/stm32f1xx_hal_cortex.o
 .debug_info    0x000000000000610a      0x615 ./Drivers/STM32F1xx_HAL_Driver/Src/stm32f1xx_hal_gpio.o
 .debug_info    0x000000000000671f      0x860 ./Drivers/STM32F1xx_HAL_Driver/Src/stm32f1xx_hal_rcc.o
 .debug_info    0x0000000000006f7f     0x29de ./Drivers/STM32F1xx_HAL_Driver/Src/stm32f1xx_hal_tim.o
 .debug_info    0x000000000000995d     0x1513 ./Drivers/STM32F1xx_HAL_Driver/Src/stm32f1xx_hal_tim_ex.o

.debug_abbrev   0x0000000000000000     0x2182
 .debug_abbrev  0x0000000000000000      0x18a ./Core/Src/7seg_manip.o
 .debug_abbrev  0x000000000000018a      0x161 ./Core/Src/button_manip.o
 .debug_abbrev  0x00000000000002eb      0x27c ./Core/Src/component.o
 .debug_abbrev  0x0000000000000567      0x134 ./Core/Src/gpio.o
 .debug_abbrev  0x000000000000069b      0x225 ./Core/Src/main.o
 .debug_abbrev  0x00000000000008c0      0x1d4 ./Core/Src/mode.o
 .debug_abbrev  0x0000000000000a94       0xca ./Core/Src/stim_manip.o
 .debug_abbrev  0x0000000000000b5e       0xc2 ./Core/Src/stm32f1xx_hal_msp.o
 .debug_abbrev  0x0000000000000c20      0x184 ./Core/Src/stm32f1xx_it.o
 .debug_abbrev  0x0000000000000da4       0xbb ./Core/Src/sysmem.o
 .debug_abbrev  0x0000000000000e5f      0x13b ./Core/Src/system_stm32f1xx.o
 .debug_abbrev  0x0000000000000f9a      0x1f7 ./Core/Src/tim.o
 .debug_abbrev  0x0000000000001191      0x1d2 ./Core/Src/traffic_manip.o
 .debug_abbrev  0x0000000000001363       0x12 ./Core/Startup/startup_stm32f103c6tx.o
 .debug_abbrev  0x0000000000001375      0x1fb ./Drivers/STM32F1xx_HAL_Driver/Src/stm32f1xx_hal.o
 .debug_abbrev  0x0000000000001570      0x2ed ./Drivers/STM32F1xx_HAL_Driver/Src/stm32f1xx_hal_cortex.o
 .debug_abbrev  0x000000000000185d      0x1bb ./Drivers/STM32F1xx_HAL_Driver/Src/stm32f1xx_hal_gpio.o
 .debug_abbrev  0x0000000000001a18      0x2a8 ./Drivers/STM32F1xx_HAL_Driver/Src/stm32f1xx_hal_rcc.o
 .debug_abbrev  0x0000000000001cc0      0x25d ./Drivers/STM32F1xx_HAL_Driver/Src/stm32f1xx_hal_tim.o
 .debug_abbrev  0x0000000000001f1d      0x265 ./Drivers/STM32F1xx_HAL_Driver/Src/stm32f1xx_hal_tim_ex.o

.debug_aranges  0x0000000000000000      0xba8
 .debug_aranges
                0x0000000000000000       0x30 ./Core/Src/7seg_manip.o
 .debug_aranges
                0x0000000000000030       0x28 ./Core/Src/button_manip.o
 .debug_aranges
                0x0000000000000058      0x120 ./Core/Src/component.o
 .debug_aranges
                0x0000000000000178       0x20 ./Core/Src/gpio.o
 .debug_aranges
                0x0000000000000198       0x38 ./Core/Src/main.o
 .debug_aranges
                0x00000000000001d0       0x40 ./Core/Src/mode.o
 .debug_aranges
                0x0000000000000210       0x28 ./Core/Src/stim_manip.o
 .debug_aranges
                0x0000000000000238       0x20 ./Core/Src/stm32f1xx_hal_msp.o
 .debug_aranges
                0x0000000000000258       0x68 ./Core/Src/stm32f1xx_it.o
 .debug_aranges
                0x00000000000002c0       0x20 ./Core/Src/sysmem.o
 .debug_aranges
                0x00000000000002e0       0x28 ./Core/Src/system_stm32f1xx.o
 .debug_aranges
                0x0000000000000308       0x30 ./Core/Src/tim.o
 .debug_aranges
                0x0000000000000338       0x48 ./Core/Src/traffic_manip.o
 .debug_aranges
                0x0000000000000380       0x28 ./Core/Startup/startup_stm32f103c6tx.o
 .debug_aranges
                0x00000000000003a8       0xe0 ./Drivers/STM32F1xx_HAL_Driver/Src/stm32f1xx_hal.o
 .debug_aranges
                0x0000000000000488      0x100 ./Drivers/STM32F1xx_HAL_Driver/Src/stm32f1xx_hal_cortex.o
 .debug_aranges
                0x0000000000000588       0x58 ./Drivers/STM32F1xx_HAL_Driver/Src/stm32f1xx_hal_gpio.o
 .debug_aranges
                0x00000000000005e0       0x90 ./Drivers/STM32F1xx_HAL_Driver/Src/stm32f1xx_hal_rcc.o
 .debug_aranges
                0x0000000000000670      0x3d0 ./Drivers/STM32F1xx_HAL_Driver/Src/stm32f1xx_hal_tim.o
 .debug_aranges
                0x0000000000000a40      0x168 ./Drivers/STM32F1xx_HAL_Driver/Src/stm32f1xx_hal_tim_ex.o

.debug_ranges   0x0000000000000000      0xa70
 .debug_ranges  0x0000000000000000       0x20 ./Core/Src/7seg_manip.o
 .debug_ranges  0x0000000000000020       0x18 ./Core/Src/button_manip.o
 .debug_ranges  0x0000000000000038      0x110 ./Core/Src/component.o
 .debug_ranges  0x0000000000000148       0x10 ./Core/Src/gpio.o
 .debug_ranges  0x0000000000000158       0x28 ./Core/Src/main.o
 .debug_ranges  0x0000000000000180       0x30 ./Core/Src/mode.o
 .debug_ranges  0x00000000000001b0       0x18 ./Core/Src/stim_manip.o
 .debug_ranges  0x00000000000001c8       0x10 ./Core/Src/stm32f1xx_hal_msp.o
 .debug_ranges  0x00000000000001d8       0x58 ./Core/Src/stm32f1xx_it.o
 .debug_ranges  0x0000000000000230       0x10 ./Core/Src/sysmem.o
 .debug_ranges  0x0000000000000240       0x18 ./Core/Src/system_stm32f1xx.o
 .debug_ranges  0x0000000000000258       0x20 ./Core/Src/tim.o
 .debug_ranges  0x0000000000000278       0x38 ./Core/Src/traffic_manip.o
 .debug_ranges  0x00000000000002b0       0x20 ./Core/Startup/startup_stm32f103c6tx.o
 .debug_ranges  0x00000000000002d0       0xd0 ./Drivers/STM32F1xx_HAL_Driver/Src/stm32f1xx_hal.o
 .debug_ranges  0x00000000000003a0       0xf0 ./Drivers/STM32F1xx_HAL_Driver/Src/stm32f1xx_hal_cortex.o
 .debug_ranges  0x0000000000000490       0x48 ./Drivers/STM32F1xx_HAL_Driver/Src/stm32f1xx_hal_gpio.o
 .debug_ranges  0x00000000000004d8       0x80 ./Drivers/STM32F1xx_HAL_Driver/Src/stm32f1xx_hal_rcc.o
 .debug_ranges  0x0000000000000558      0x3c0 ./Drivers/STM32F1xx_HAL_Driver/Src/stm32f1xx_hal_tim.o
 .debug_ranges  0x0000000000000918      0x158 ./Drivers/STM32F1xx_HAL_Driver/Src/stm32f1xx_hal_tim_ex.o

.debug_macro    0x0000000000000000    0x18467
 .debug_macro   0x0000000000000000      0x2ae ./Core/Src/7seg_manip.o
 .debug_macro   0x00000000000002ae      0xa6c ./Core/Src/7seg_manip.o
 .debug_macro   0x0000000000000d1a       0x22 ./Core/Src/7seg_manip.o
 .debug_macro   0x0000000000000d3c       0x8e ./Core/Src/7seg_manip.o
 .debug_macro   0x0000000000000dca       0x51 ./Core/Src/7seg_manip.o
 .debug_macro   0x0000000000000e1b      0x103 ./Core/Src/7seg_manip.o
 .debug_macro   0x0000000000000f1e       0x6a ./Core/Src/7seg_manip.o
 .debug_macro   0x0000000000000f88      0x1df ./Core/Src/7seg_manip.o
 .debug_macro   0x0000000000001167       0x18 ./Core/Src/7seg_manip.o
 .debug_macro   0x000000000000117f       0x52 ./Core/Src/7seg_manip.o
 .debug_macro   0x00000000000011d1       0x3c ./Core/Src/7seg_manip.o
 .debug_macro   0x000000000000120d       0x34 ./Core/Src/7seg_manip.o
 .debug_macro   0x0000000000001241       0x16 ./Core/Src/7seg_manip.o
 .debug_macro   0x0000000000001257      0x10e ./Core/Src/7seg_manip.o
 .debug_macro   0x0000000000001365       0x8d ./Core/Src/7seg_manip.o
 .debug_macro   0x00000000000013f2       0x16 ./Core/Src/7seg_manip.o
 .debug_macro   0x0000000000001408       0x43 ./Core/Src/7seg_manip.o
 .debug_macro   0x000000000000144b       0x34 ./Core/Src/7seg_manip.o
 .debug_macro   0x000000000000147f       0x10 ./Core/Src/7seg_manip.o
 .debug_macro   0x000000000000148f       0x58 ./Core/Src/7seg_manip.o
 .debug_macro   0x00000000000014e7       0x71 ./Core/Src/7seg_manip.o
 .debug_macro   0x0000000000001558       0x1c ./Core/Src/7seg_manip.o
 .debug_macro   0x0000000000001574      0x12a ./Core/Src/7seg_manip.o
 .debug_macro   0x000000000000169e      0x341 ./Core/Src/7seg_manip.o
 .debug_macro   0x00000000000019df       0x16 ./Core/Src/7seg_manip.o
 .debug_macro   0x00000000000019f5       0x29 ./Core/Src/7seg_manip.o
 .debug_macro   0x0000000000001a1e      0x215 ./Core/Src/7seg_manip.o
 .debug_macro   0x0000000000001c33       0x2e ./Core/Src/7seg_manip.o
 .debug_macro   0x0000000000001c61       0x22 ./Core/Src/7seg_manip.o
 .debug_macro   0x0000000000001c83       0x1c ./Core/Src/7seg_manip.o
 .debug_macro   0x0000000000001c9f       0x22 ./Core/Src/7seg_manip.o
 .debug_macro   0x0000000000001cc1       0xbd ./Core/Src/7seg_manip.o
 .debug_macro   0x0000000000001d7e      0xd23 ./Core/Src/7seg_manip.o
 .debug_macro   0x0000000000002aa1     0xde75 ./Core/Src/7seg_manip.o
 .debug_macro   0x0000000000010916       0x6d ./Core/Src/7seg_manip.o
 .debug_macro   0x0000000000010983     0x3468 ./Core/Src/7seg_manip.o
 .debug_macro   0x0000000000013deb       0x56 ./Core/Src/7seg_manip.o
 .debug_macro   0x0000000000013e41      0x5be ./Core/Src/7seg_manip.o
 .debug_macro   0x00000000000143ff      0x1b7 ./Core/Src/7seg_manip.o
 .debug_macro   0x00000000000145b6      0x1cb ./Core/Src/7seg_manip.o
 .debug_macro   0x0000000000014781      0x114 ./Core/Src/7seg_manip.o
 .debug_macro   0x0000000000014895      0x1b2 ./Core/Src/7seg_manip.o
 .debug_macro   0x0000000000014a47       0x27 ./Core/Src/7seg_manip.o
 .debug_macro   0x0000000000014a6e      0x12f ./Core/Src/7seg_manip.o
 .debug_macro   0x0000000000014b9d      0x1bc ./Core/Src/7seg_manip.o
 .debug_macro   0x0000000000014d59       0x34 ./Core/Src/7seg_manip.o
 .debug_macro   0x0000000000014d8d       0x3c ./Core/Src/7seg_manip.o
 .debug_macro   0x0000000000014dc9       0x57 ./Core/Src/7seg_manip.o
 .debug_macro   0x0000000000014e20       0x88 ./Core/Src/7seg_manip.o
 .debug_macro   0x0000000000014ea8      0x183 ./Core/Src/7seg_manip.o
 .debug_macro   0x000000000001502b      0x141 ./Core/Src/7seg_manip.o
 .debug_macro   0x000000000001516c      0x8d1 ./Core/Src/7seg_manip.o
 .debug_macro   0x0000000000015a3d       0x69 ./Core/Src/7seg_manip.o
 .debug_macro   0x0000000000015aa6      0x10c ./Core/Src/7seg_manip.o
 .debug_macro   0x0000000000015bb2       0x61 ./Core/Src/7seg_manip.o
 .debug_macro   0x0000000000015c13       0x22 ./Core/Src/7seg_manip.o
 .debug_macro   0x0000000000015c35       0x16 ./Core/Src/7seg_manip.o
 .debug_macro   0x0000000000015c4b      0x29b ./Core/Src/button_manip.o
 .debug_macro   0x0000000000015ee6      0x282 ./Core/Src/component.o
 .debug_macro   0x0000000000016168      0x1b1 ./Core/Src/gpio.o
 .debug_macro   0x0000000000016319      0x174 ./Core/Src/gpio.o
 .debug_macro   0x000000000001648d       0x5c ./Core/Src/gpio.o
 .debug_macro   0x00000000000164e9      0x2f4 ./Core/Src/main.o
 .debug_macro   0x00000000000167dd       0x35 ./Core/Src/main.o
 .debug_macro   0x0000000000016812       0x1c ./Core/Src/main.o
 .debug_macro   0x000000000001682e       0x10 ./Core/Src/main.o
 .debug_macro   0x000000000001683e       0x10 ./Core/Src/main.o
 .debug_macro   0x000000000001684e      0x2cd ./Core/Src/mode.o
 .debug_macro   0x0000000000016b1b      0x291 ./Core/Src/stim_manip.o
 .debug_macro   0x0000000000016dac      0x1a7 ./Core/Src/stm32f1xx_hal_msp.o
 .debug_macro   0x0000000000016f53      0x1b1 ./Core/Src/stm32f1xx_it.o
 .debug_macro   0x0000000000017104       0xff ./Core/Src/sysmem.o
 .debug_macro   0x0000000000017203      0x23b ./Core/Src/sysmem.o
 .debug_macro   0x000000000001743e      0x198 ./Core/Src/system_stm32f1xx.o
 .debug_macro   0x00000000000175d6      0x1b1 ./Core/Src/tim.o
 .debug_macro   0x0000000000017787      0x2ae ./Core/Src/traffic_manip.o
 .debug_macro   0x0000000000017a35      0x1bc ./Drivers/STM32F1xx_HAL_Driver/Src/stm32f1xx_hal.o
 .debug_macro   0x0000000000017bf1      0x198 ./Drivers/STM32F1xx_HAL_Driver/Src/stm32f1xx_hal_cortex.o
 .debug_macro   0x0000000000017d89      0x203 ./Drivers/STM32F1xx_HAL_Driver/Src/stm32f1xx_hal_gpio.o
 .debug_macro   0x0000000000017f8c      0x1aa ./Drivers/STM32F1xx_HAL_Driver/Src/stm32f1xx_hal_rcc.o
 .debug_macro   0x0000000000018136      0x199 ./Drivers/STM32F1xx_HAL_Driver/Src/stm32f1xx_hal_tim.o
 .debug_macro   0x00000000000182cf      0x198 ./Drivers/STM32F1xx_HAL_Driver/Src/stm32f1xx_hal_tim_ex.o

.debug_line     0x0000000000000000     0xe019
 .debug_line    0x0000000000000000      0x936 ./Core/Src/7seg_manip.o
 .debug_line    0x0000000000000936      0x803 ./Core/Src/button_manip.o
 .debug_line    0x0000000000001139      0xf45 ./Core/Src/component.o
 .debug_line    0x000000000000207e      0x67b ./Core/Src/gpio.o
 .debug_line    0x00000000000026f9      0x8cb ./Core/Src/main.o
 .debug_line    0x0000000000002fc4      0x9da ./Core/Src/mode.o
 .debug_line    0x000000000000399e      0x801 ./Core/Src/stim_manip.o
 .debug_line    0x000000000000419f      0x655 ./Core/Src/stm32f1xx_hal_msp.o
 .debug_line    0x00000000000047f4      0x730 ./Core/Src/stm32f1xx_it.o
 .debug_line    0x0000000000004f24      0x4e5 ./Core/Src/sysmem.o
 .debug_line    0x0000000000005409      0x6d4 ./Core/Src/system_stm32f1xx.o
 .debug_line    0x0000000000005add      0x6c3 ./Core/Src/tim.o
 .debug_line    0x00000000000061a0      0x912 ./Core/Src/traffic_manip.o
 .debug_line    0x0000000000006ab2       0x87 ./Core/Startup/startup_stm32f103c6tx.o
 .debug_line    0x0000000000006b39      0x901 ./Drivers/STM32F1xx_HAL_Driver/Src/stm32f1xx_hal.o
 .debug_line    0x000000000000743a      0xae9 ./Drivers/STM32F1xx_HAL_Driver/Src/stm32f1xx_hal_cortex.o
 .debug_line    0x0000000000007f23      0x983 ./Drivers/STM32F1xx_HAL_Driver/Src/stm32f1xx_hal_gpio.o
 .debug_line    0x00000000000088a6      0xd0f ./Drivers/STM32F1xx_HAL_Driver/Src/stm32f1xx_hal_rcc.o
 .debug_line    0x00000000000095b5     0x326d ./Drivers/STM32F1xx_HAL_Driver/Src/stm32f1xx_hal_tim.o
 .debug_line    0x000000000000c822     0x17f7 ./Drivers/STM32F1xx_HAL_Driver/Src/stm32f1xx_hal_tim_ex.o

.debug_str      0x0000000000000000    0x859f7
 .debug_str     0x0000000000000000    0x824ed ./Core/Src/7seg_manip.o
                                      0x82883 (size before relaxing)
 .debug_str     0x00000000000824ed       0xf9 ./Core/Src/button_manip.o
                                      0x827c4 (size before relaxing)
 .debug_str     0x00000000000825e6      0x2be ./Core/Src/component.o
                                      0x82a67 (size before relaxing)
 .debug_str     0x00000000000828a4       0xac ./Core/Src/gpio.o
                                      0x7f74e (size before relaxing)
 .debug_str     0x0000000000082950      0x6c2 ./Core/Src/main.o
                                      0x8309f (size before relaxing)
 .debug_str     0x0000000000083012      0x137 ./Core/Src/mode.o
                                      0x82b14 (size before relaxing)
 .debug_str     0x0000000000083149       0x19 ./Core/Src/stim_manip.o
                                      0x826f1 (size before relaxing)
 .debug_str     0x0000000000083162       0x2c ./Core/Src/stm32f1xx_hal_msp.o
                                      0x7f6a8 (size before relaxing)
 .debug_str     0x000000000008318e       0xec ./Core/Src/stm32f1xx_it.o
                                      0x7fbdc (size before relaxing)
 .debug_str     0x000000000008327a      0x4da ./Core/Src/sysmem.o
                                       0x5d4e (size before relaxing)
 .debug_str     0x0000000000083754       0x7e ./Core/Src/system_stm32f1xx.o
                                      0x7f36a (size before relaxing)
 .debug_str     0x00000000000837d2      0x3ac ./Core/Src/tim.o
                                      0x7ffbd (size before relaxing)
 .debug_str     0x0000000000083b7e       0x95 ./Core/Src/traffic_manip.o
                                      0x82a44 (size before relaxing)
 .debug_str     0x0000000000083c13       0x36 ./Core/Startup/startup_stm32f103c6tx.o
                                         0x68 (size before relaxing)
 .debug_str     0x0000000000083c49      0x38e ./Drivers/STM32F1xx_HAL_Driver/Src/stm32f1xx_hal.o
                                      0x7fa63 (size before relaxing)
 .debug_str     0x0000000000083fd7      0x29e ./Drivers/STM32F1xx_HAL_Driver/Src/stm32f1xx_hal_cortex.o
                                      0x7f9af (size before relaxing)
 .debug_str     0x0000000000084275      0x2f6 ./Drivers/STM32F1xx_HAL_Driver/Src/stm32f1xx_hal_gpio.o
                                      0x7f6f0 (size before relaxing)
 .debug_str     0x000000000008456b      0x229 ./Drivers/STM32F1xx_HAL_Driver/Src/stm32f1xx_hal_rcc.o
                                      0x7f799 (size before relaxing)
 .debug_str     0x0000000000084794      0xdd0 ./Drivers/STM32F1xx_HAL_Driver/Src/stm32f1xx_hal_tim.o
                                      0x80784 (size before relaxing)
 .debug_str     0x0000000000085564      0x493 ./Drivers/STM32F1xx_HAL_Driver/Src/stm32f1xx_hal_tim_ex.o
                                      0x7ffa0 (size before relaxing)

.comment        0x0000000000000000       0x50
 .comment       0x0000000000000000       0x50 ./Core/Src/7seg_manip.o
                                         0x51 (size before relaxing)
 .comment       0x0000000000000050       0x51 ./Core/Src/button_manip.o
 .comment       0x0000000000000050       0x51 ./Core/Src/component.o
 .comment       0x0000000000000050       0x51 ./Core/Src/gpio.o
 .comment       0x0000000000000050       0x51 ./Core/Src/main.o
 .comment       0x0000000000000050       0x51 ./Core/Src/mode.o
 .comment       0x0000000000000050       0x51 ./Core/Src/stim_manip.o
 .comment       0x0000000000000050       0x51 ./Core/Src/stm32f1xx_hal_msp.o
 .comment       0x0000000000000050       0x51 ./Core/Src/stm32f1xx_it.o
 .comment       0x0000000000000050       0x51 ./Core/Src/sysmem.o
 .comment       0x0000000000000050       0x51 ./Core/Src/system_stm32f1xx.o
 .comment       0x0000000000000050       0x51 ./Core/Src/tim.o
 .comment       0x0000000000000050       0x51 ./Core/Src/traffic_manip.o
 .comment       0x0000000000000050       0x51 ./Drivers/STM32F1xx_HAL_Driver/Src/stm32f1xx_hal.o
 .comment       0x0000000000000050       0x51 ./Drivers/STM32F1xx_HAL_Driver/Src/stm32f1xx_hal_cortex.o
 .comment       0x0000000000000050       0x51 ./Drivers/STM32F1xx_HAL_Driver/Src/stm32f1xx_hal_gpio.o
 .comment       0x0000000000000050       0x51 ./Drivers/STM32F1xx_HAL_Driver/Src/stm32f1xx_hal_rcc.o
 .comment       0x0000000000000050       0x51 ./Drivers/STM32F1xx_HAL_Driver/Src/stm32f1xx_hal_tim.o
 .comment       0x0000000000000050       0x51 ./Drivers/STM32F1xx_HAL_Driver/Src/stm32f1xx_hal_tim_ex.o

.debug_frame    0x0000000000000000     0x2fa0
 .debug_frame   0x0000000000000000       0x80 ./Core/Src/7seg_manip.o
 .debug_frame   0x0000000000000080       0x48 ./Core/Src/button_manip.o
 .debug_frame   0x00000000000000c8      0x4cc ./Core/Src/component.o
 .debug_frame   0x0000000000000594       0x34 ./Core/Src/gpio.o
 .debug_frame   0x00000000000005c8       0x8c ./Core/Src/main.o
 .debug_frame   0x0000000000000654       0xb8 ./Core/Src/mode.o
 .debug_frame   0x000000000000070c       0x48 ./Core/Src/stim_manip.o
 .debug_frame   0x0000000000000754       0x38 ./Core/Src/stm32f1xx_hal_msp.o
 .debug_frame   0x000000000000078c      0x120 ./Core/Src/stm32f1xx_it.o
 .debug_frame   0x00000000000008ac       0x34 ./Core/Src/sysmem.o
 .debug_frame   0x00000000000008e0       0x58 ./Core/Src/system_stm32f1xx.o
 .debug_frame   0x0000000000000938       0x7c ./Core/Src/tim.o
 .debug_frame   0x00000000000009b4       0xe8 ./Core/Src/traffic_manip.o
 .debug_frame   0x0000000000000a9c      0x334 ./Drivers/STM32F1xx_HAL_Driver/Src/stm32f1xx_hal.o
 .debug_frame   0x0000000000000dd0      0x428 ./Drivers/STM32F1xx_HAL_Driver/Src/stm32f1xx_hal_cortex.o
 .debug_frame   0x00000000000011f8      0x14c ./Drivers/STM32F1xx_HAL_Driver/Src/stm32f1xx_hal_gpio.o
 .debug_frame   0x0000000000001344      0x21c ./Drivers/STM32F1xx_HAL_Driver/Src/stm32f1xx_hal_rcc.o
 .debug_frame   0x0000000000001560     0x11b8 ./Drivers/STM32F1xx_HAL_Driver/Src/stm32f1xx_hal_tim.o
 .debug_frame   0x0000000000002718      0x638 ./Drivers/STM32F1xx_HAL_Driver/Src/stm32f1xx_hal_tim_ex.o
 .debug_frame   0x0000000000002d50       0x20 d:/st/stm32cubeide_1.7.0/stm32cubeide/plugins/com.st.stm32cube.ide.mcu.externaltools.gnu-tools-for-stm32.10.3-2021.10.win32_1.0.0.202111181127/tools/bin/../lib/gcc/arm-none-eabi/10.3.1/../../../../arm-none-eabi/lib/thumb/v7-m/nofp\libc_nano.a(lib_a-errno.o)
 .debug_frame   0x0000000000002d70       0x2c d:/st/stm32cubeide_1.7.0/stm32cubeide/plugins/com.st.stm32cube.ide.mcu.externaltools.gnu-tools-for-stm32.10.3-2021.10.win32_1.0.0.202111181127/tools/bin/../lib/gcc/arm-none-eabi/10.3.1/../../../../arm-none-eabi/lib/thumb/v7-m/nofp\libc_nano.a(lib_a-init.o)
 .debug_frame   0x0000000000002d9c       0x30 d:/st/stm32cubeide_1.7.0/stm32cubeide/plugins/com.st.stm32cube.ide.mcu.externaltools.gnu-tools-for-stm32.10.3-2021.10.win32_1.0.0.202111181127/tools/bin/../lib/gcc/arm-none-eabi/10.3.1/../../../../arm-none-eabi/lib/thumb/v7-m/nofp\libc_nano.a(lib_a-malloc.o)
 .debug_frame   0x0000000000002dcc       0x20 d:/st/stm32cubeide_1.7.0/stm32cubeide/plugins/com.st.stm32cube.ide.mcu.externaltools.gnu-tools-for-stm32.10.3-2021.10.win32_1.0.0.202111181127/tools/bin/../lib/gcc/arm-none-eabi/10.3.1/../../../../arm-none-eabi/lib/thumb/v7-m/nofp\libc_nano.a(lib_a-memset.o)
 .debug_frame   0x0000000000002dec       0x4c d:/st/stm32cubeide_1.7.0/stm32cubeide/plugins/com.st.stm32cube.ide.mcu.externaltools.gnu-tools-for-stm32.10.3-2021.10.win32_1.0.0.202111181127/tools/bin/../lib/gcc/arm-none-eabi/10.3.1/../../../../arm-none-eabi/lib/thumb/v7-m/nofp\libc_nano.a(lib_a-nano-mallocr.o)
 .debug_frame   0x0000000000002e38       0x2c d:/st/stm32cubeide_1.7.0/stm32cubeide/plugins/com.st.stm32cube.ide.mcu.externaltools.gnu-tools-for-stm32.10.3-2021.10.win32_1.0.0.202111181127/tools/bin/../lib/gcc/arm-none-eabi/10.3.1/../../../../arm-none-eabi/lib/thumb/v7-m/nofp\libc_nano.a(lib_a-sbrkr.o)
 .debug_frame   0x0000000000002e64       0x30 d:/st/stm32cubeide_1.7.0/stm32cubeide/plugins/com.st.stm32cube.ide.mcu.externaltools.gnu-tools-for-stm32.10.3-2021.10.win32_1.0.0.202111181127/tools/bin/../lib/gcc/arm-none-eabi/10.3.1/../../../../arm-none-eabi/lib/thumb/v7-m/nofp\libc_nano.a(lib_a-mlock.o)
 .debug_frame   0x0000000000002e94       0x5c d:/st/stm32cubeide_1.7.0/stm32cubeide/plugins/com.st.stm32cube.ide.mcu.externaltools.gnu-tools-for-stm32.10.3-2021.10.win32_1.0.0.202111181127/tools/bin/../lib/gcc/arm-none-eabi/10.3.1/../../../../arm-none-eabi/lib/thumb/v7-m/nofp\libc_nano.a(lib_a-reent.o)
 .debug_frame   0x0000000000002ef0       0xb0 d:/st/stm32cubeide_1.7.0/stm32cubeide/plugins/com.st.stm32cube.ide.mcu.externaltools.gnu-tools-for-stm32.10.3-2021.10.win32_1.0.0.202111181127/tools/bin/../lib/gcc/arm-none-eabi/10.3.1/../../../../arm-none-eabi/lib/thumb/v7-m/nofp\libc_nano.a(lib_a-lock.o)
